Kepler/Text/PackingAuto22.lean:455:4: warning: `push_neg` has been deprecated. Prefer using `push Not` instead.
If you'd rather continue using `push_neg` in your project, you can implement it as follows:
```
open Lean.Parser.Tactic in
macro "push_neg" cfg:optConfig loc:(location)? : tactic =>
  `(tactic| push $cfg:optConfig Not $[$loc]?)
```
Kepler/Text/PackingAuto22.lean:615:10: warning: 'exact finrank_self' tactic does nothing

Note: This linter can be disabled with `set_option linter.unusedTactic false`
Kepler/Text/PackingAuto22.lean:616:10: warning: 'norm_num' tactic does nothing

Note: This linter can be disabled with `set_option linter.unusedTactic false`
Kepler/Text/PackingAuto22.lean:615:10: warning: this tactic is never executed

Note: This linter can be disabled with `set_option linter.unreachableTactic false`
Kepler/Text/PackingAuto22.lean:616:10: warning: this tactic is never executed

Note: This linter can be disabled with `set_option linter.unreachableTactic false`
Kepler/Text/PackingAuto22.lean:1011:4: warning: `push_neg` has been deprecated. Prefer using `push Not` instead.
If you'd rather continue using `push_neg` in your project, you can implement it as follows:
```
open Lean.Parser.Tactic in
macro "push_neg" cfg:optConfig loc:(location)? : tactic =>
  `(tactic| push $cfg:optConfig Not $[$loc]?)
```
Kepler/Text/PackingAuto22.lean:1026:6: warning: `push_neg` has been deprecated. Prefer using `push Not` instead.
If you'd rather continue using `push_neg` in your project, you can implement it as follows:
```
open Lean.Parser.Tactic in
macro "push_neg" cfg:optConfig loc:(location)? : tactic =>
  `(tactic| push $cfg:optConfig Not $[$loc]?)
```
Kepler/Text/PackingAuto22.lean:1185:4: warning: `push_neg` has been deprecated. Prefer using `push Not` instead.
If you'd rather continue using `push_neg` in your project, you can implement it as follows:
```
open Lean.Parser.Tactic in
macro "push_neg" cfg:optConfig loc:(location)? : tactic =>
  `(tactic| push $cfg:optConfig Not $[$loc]?)
```
Kepler/Text/PackingAuto22.lean:1475:8: warning: `push_neg` has been deprecated. Prefer using `push Not` instead.
If you'd rather continue using `push_neg` in your project, you can implement it as follows:
```
open Lean.Parser.Tactic in
macro "push_neg" cfg:optConfig loc:(location)? : tactic =>
  `(tactic| push $cfg:optConfig Not $[$loc]?)
```
Kepler/Text/PackingAuto22.lean:1605:4: warning: `push_neg` has been deprecated. Prefer using `push Not` instead.
If you'd rather continue using `push_neg` in your project, you can implement it as follows:
```
open Lean.Parser.Tactic in
macro "push_neg" cfg:optConfig loc:(location)? : tactic =>
  `(tactic| push $cfg:optConfig Not $[$loc]?)
```
Kepler/Text/PackingAuto22.lean:1857:4: warning: `push_neg` has been deprecated. Prefer using `push Not` instead.
If you'd rather continue using `push_neg` in your project, you can implement it as follows:
```
open Lean.Parser.Tactic in
macro "push_neg" cfg:optConfig loc:(location)? : tactic =>
  `(tactic| push $cfg:optConfig Not $[$loc]?)
```
Kepler/Text/PackingAuto22.lean:1900:6: warning: `push_neg` has been deprecated. Prefer using `push Not` instead.
If you'd rather continue using `push_neg` in your project, you can implement it as follows:
```
open Lean.Parser.Tactic in
macro "push_neg" cfg:optConfig loc:(location)? : tactic =>
  `(tactic| push $cfg:optConfig Not $[$loc]?)
```
Kepler/Text/PackingAuto22.lean:1953:8: warning: try 'simp' instead of 'simpa'

Note: This linter can be disabled with `set_option linter.unnecessarySimpa false`
Kepler/Text/PackingAuto22.lean:1972:8: warning: declaration uses `sorry`
Kepler/Text/PackingAuto22.lean:2321:8: warning: declaration uses `sorry`
Kepler/Text/PackingAuto22.lean:2353:8: warning: declaration uses `sorry`
Kepler/Text/PackingAuto22.lean:2610:41: warning: try 'simp' instead of 'simpa'

Note: This linter can be disabled with `set_option linter.unnecessarySimpa false`
Kepler/Text/PackingAuto22.lean:3160:10: error: Tactic `rewrite` failed: Did not find an occurrence of the pattern
  ((1 + 1 / 2 * t ^ 2 + 1 / 2 * t ^ 4) * √(1 - t ^ 2)) ^ 2
in the target expression
  1 * 1 ≤ (1 + 1 / 2 * t ^ 2 + 1 / 2 * t ^ 4) * √(1 - t ^ 2) * ((1 + 1 / 2 * t ^ 2 + 1 / 2 * t ^ 4) * √(1 - t ^ 2))

w : ℝ
hw : 0 ≤ w
hwu : w ^ 2 ≤ 17 / 64
t : ℝ
ht0 : 0 ≤ t
htw : t ≤ w
hu : t ^ 2 ≤ 17 / 64
hu0 : 0 ≤ t ^ 2
hQ : 0 < 1 - t ^ 2
hu2 : t ^ 4 ≤ (17 / 64) ^ 2
hu3 : t ^ 6 ≤ (17 / 64) ^ 3
hcert : 1 - 3 * t ^ 2 - t ^ 4 - t ^ 6 ≥ 0
hkey : (1 + 1 / 2 * t ^ 2 + 1 / 2 * t ^ 4) ^ 2 * (1 - t ^ 2) ≥ 1
hP : 0 < 1 + 1 / 2 * t ^ 2 + 1 / 2 * t ^ 4
hsq0✝ : (1 + 1 / 2 * t ^ 2 + 1 / 2 * t ^ 4) * √(1 - t ^ 2) ≠ 0
hsq1✝ : ((1 + 1 / 2 * t ^ 2 + 1 / 2 * t ^ 4) * √(1 - t ^ 2)) ^ 2 = (1 + 1 / 2 * t ^ 2 + 1 / 2 * t ^ 4) ^ 2 * (1 - t ^ 2)
hkey' : 1 ≤ ((1 + 1 / 2 * t ^ 2 + 1 / 2 * t ^ 4) * √(1 - t ^ 2)) ^ 2
hsq0 : 0 < (1 + 1 / 2 * t ^ 2 + 1 / 2 * t ^ 4) * √(1 - t ^ 2)
hsq1 : ((1 + 1 / 2 * t ^ 2 + 1 / 2 * t ^ 4) * √(1 - t ^ 2)) ^ 2 = (1 + 1 / 2 * t ^ 2 + 1 / 2 * t ^ 4) ^ 2 * (1 - t ^ 2)
⊢ 1 * 1 ≤ (1 + 1 / 2 * t ^ 2 + 1 / 2 * t ^ 4) * √(1 - t ^ 2) * ((1 + 1 / 2 * t ^ 2 + 1 / 2 * t ^ 4) * √(1 - t ^ 2))
Kepler/Text/PackingAuto22.lean:3162:9: error: invalid 'calc' step, left-hand side is
  1 * (1 + 1 / 2 * t ^ 2 + 1 / 2 * t ^ 4) * √(1 - t ^ 2) : ℝ
but is expected to be
  1 : ℝ
Kepler/Text/PackingAuto22.lean:3167:6: error: invalid 'calc' step, right-hand side is
  (1 + 1 / 2 * t ^ 2 + 1 / 2 * t ^ 4) * √(1 - t ^ 2) * 1 : ℝ
but is expected to be
  (1 + (1 / 2 * t ^ 2 + 1 / 2 * t ^ 4)) * √(1 - t ^ 2) : ℝ
Kepler/Text/PackingAuto22.lean:3165:19: error(lean.unknownIdentifier): Unknown identifier `le_mul_of_ge`
Kepler/Text/PackingAuto22.lean:3166:12: error: No goals to be solved
Try this:
  [apply] ring_nf
  
  The `ring` tactic failed to close the goal. Use `ring_nf` to obtain a normal form.
    
  Note that `ring` works primarily in *commutative* rings. If you have a noncommutative ring, abelian group or module, consider using `noncomm_ring`, `abel` or `module` instead.
Kepler/Text/PackingAuto22.lean:3167:83: error: unsolved goals
w : ℝ
hw : 0 ≤ w
hwu : w ^ 2 ≤ 17 / 64
t : ℝ
ht0 : 0 ≤ t
htw : t ≤ w
hu : t ^ 2 ≤ 17 / 64
hu0 : 0 ≤ t ^ 2
hQ : 0 < 1 - t ^ 2
hu2 : t ^ 4 ≤ (17 / 64) ^ 2
hu3 : t ^ 6 ≤ (17 / 64) ^ 3
hcert : 1 - 3 * t ^ 2 - t ^ 4 - t ^ 6 ≥ 0
hkey : (1 + 1 / 2 * t ^ 2 + 1 / 2 * t ^ 4) ^ 2 * (1 - t ^ 2) ≥ 1
hP : 0 < 1 + 1 / 2 * t ^ 2 + 1 / 2 * t ^ 4
hsq0✝ : (1 + 1 / 2 * t ^ 2 + 1 / 2 * t ^ 4) * √(1 - t ^ 2) ≠ 0
hsq1✝ : ((1 + 1 / 2 * t ^ 2 + 1 / 2 * t ^ 4) * √(1 - t ^ 2)) ^ 2 = (1 + 1 / 2 * t ^ 2 + 1 / 2 * t ^ 4) ^ 2 * (1 - t ^ 2)
hkey'✝ : 1 ≤ ((1 + 1 / 2 * t ^ 2 + 1 / 2 * t ^ 4) * √(1 - t ^ 2)) ^ 2
hsq0 : 0 < (1 + 1 / 2 * t ^ 2 + 1 / 2 * t ^ 4) * √(1 - t ^ 2)
hsq1 : ((1 + 1 / 2 * t ^ 2 + 1 / 2 * t ^ 4) * √(1 - t ^ 2)) ^ 2 = (1 + 1 / 2 * t ^ 2 + 1 / 2 * t ^ 4) ^ 2 * (1 - t ^ 2)
hkey' :
  1 * 1 ≤ (1 + 1 / 2 * t ^ 2 + 1 / 2 * t ^ 4) * √(1 - t ^ 2) * ((1 + 1 / 2 * t ^ 2 + 1 / 2 * t ^ 4) * √(1 - t ^ 2))
⊢ t ^ 2 * √(1 - t ^ 2) ^ 2 + t ^ 4 * √(1 - t ^ 2) ^ 2 * (5 / 4) + t ^ 6 * √(1 - t ^ 2) ^ 2 * (1 / 2) +
        t ^ 8 * √(1 - t ^ 2) ^ 2 * (1 / 4) +
      √(1 - t ^ 2) ^ 2 ≤
    t ^ 2 * √(1 - t ^ 2) * (1 / 2) + t ^ 4 * √(1 - t ^ 2) * (1 / 2) + √(1 - t ^ 2)
