Kepler/Text/PackingAuto22.lean:455:4: warning: `push_neg` has been deprecated. Prefer using `push Not` instead.
If you'd rather continue using `push_neg` in your project, you can implement it as follows:
```
open Lean.Parser.Tactic in
macro "push_neg" cfg:optConfig loc:(location)? : tactic =>
  `(tactic| push $cfg:optConfig Not $[$loc]?)
```
Kepler/Text/PackingAuto22.lean:615:10: warning: 'exact finrank_self' tactic does nothing

Note: This linter can be disabled with `set_option linter.unusedTactic false`
Kepler/Text/PackingAuto22.lean:616:10: warning: 'norm_num' tactic does nothing

Note: This linter can be disabled with `set_option linter.unusedTactic false`
Kepler/Text/PackingAuto22.lean:615:10: warning: this tactic is never executed

Note: This linter can be disabled with `set_option linter.unreachableTactic false`
Kepler/Text/PackingAuto22.lean:616:10: warning: this tactic is never executed

Note: This linter can be disabled with `set_option linter.unreachableTactic false`
Kepler/Text/PackingAuto22.lean:1011:4: warning: `push_neg` has been deprecated. Prefer using `push Not` instead.
If you'd rather continue using `push_neg` in your project, you can implement it as follows:
```
open Lean.Parser.Tactic in
macro "push_neg" cfg:optConfig loc:(location)? : tactic =>
  `(tactic| push $cfg:optConfig Not $[$loc]?)
```
Kepler/Text/PackingAuto22.lean:1026:6: warning: `push_neg` has been deprecated. Prefer using `push Not` instead.
If you'd rather continue using `push_neg` in your project, you can implement it as follows:
```
open Lean.Parser.Tactic in
macro "push_neg" cfg:optConfig loc:(location)? : tactic =>
  `(tactic| push $cfg:optConfig Not $[$loc]?)
```
Kepler/Text/PackingAuto22.lean:1185:4: warning: `push_neg` has been deprecated. Prefer using `push Not` instead.
If you'd rather continue using `push_neg` in your project, you can implement it as follows:
```
open Lean.Parser.Tactic in
macro "push_neg" cfg:optConfig loc:(location)? : tactic =>
  `(tactic| push $cfg:optConfig Not $[$loc]?)
```
Kepler/Text/PackingAuto22.lean:1475:8: warning: `push_neg` has been deprecated. Prefer using `push Not` instead.
If you'd rather continue using `push_neg` in your project, you can implement it as follows:
```
open Lean.Parser.Tactic in
macro "push_neg" cfg:optConfig loc:(location)? : tactic =>
  `(tactic| push $cfg:optConfig Not $[$loc]?)
```
Kepler/Text/PackingAuto22.lean:1605:4: warning: `push_neg` has been deprecated. Prefer using `push Not` instead.
If you'd rather continue using `push_neg` in your project, you can implement it as follows:
```
open Lean.Parser.Tactic in
macro "push_neg" cfg:optConfig loc:(location)? : tactic =>
  `(tactic| push $cfg:optConfig Not $[$loc]?)
```
Kepler/Text/PackingAuto22.lean:1857:4: warning: `push_neg` has been deprecated. Prefer using `push Not` instead.
If you'd rather continue using `push_neg` in your project, you can implement it as follows:
```
open Lean.Parser.Tactic in
macro "push_neg" cfg:optConfig loc:(location)? : tactic =>
  `(tactic| push $cfg:optConfig Not $[$loc]?)
```
Kepler/Text/PackingAuto22.lean:1900:6: warning: `push_neg` has been deprecated. Prefer using `push Not` instead.
If you'd rather continue using `push_neg` in your project, you can implement it as follows:
```
open Lean.Parser.Tactic in
macro "push_neg" cfg:optConfig loc:(location)? : tactic =>
  `(tactic| push $cfg:optConfig Not $[$loc]?)
```
Kepler/Text/PackingAuto22.lean:1953:8: warning: try 'simp' instead of 'simpa'

Note: This linter can be disabled with `set_option linter.unnecessarySimpa false`
Kepler/Text/PackingAuto22.lean:1972:8: warning: declaration uses `sorry`
Kepler/Text/PackingAuto22.lean:2321:8: warning: declaration uses `sorry`
Kepler/Text/PackingAuto22.lean:2353:8: warning: declaration uses `sorry`
Kepler/Text/PackingAuto22.lean:2610:41: warning: try 'simp' instead of 'simpa'

Note: This linter can be disabled with `set_option linter.unnecessarySimpa false`
Kepler/Text/PackingAuto22.lean:3150:12: error: Tactic `rewrite` failed: Did not find an occurrence of the pattern
  (?a * ?b) ^ ?n
in the target expression
  (1 + 1 / 2 * t ^ 2 + 1 / 2 * t ^ 4) * √(1 - t ^ 2) * ((1 + 1 / 2 * t ^ 2 + 1 / 2 * t ^ 4) * √(1 - t ^ 2)) =
    (1 + 1 / 2 * t ^ 2 + 1 / 2 * t ^ 4) ^ 2 * (1 - t ^ 2)

w : ℝ
hw : 0 ≤ w
hwu : w ^ 2 ≤ 17 / 64
t : ℝ
ht0 : 0 ≤ t
htw : t ≤ w
hu : t ^ 2 ≤ 17 / 64
hu0 : 0 ≤ t ^ 2
hQ : 0 < 1 - t ^ 2
hu2 : t ^ 4 ≤ (17 / 64) ^ 2
hu3 : t ^ 6 ≤ (17 / 64) ^ 3
hcert : 1 - 3 * t ^ 2 - t ^ 4 - t ^ 6 ≥ 0
hkey : (1 + 1 / 2 * t ^ 2 + 1 / 2 * t ^ 4) ^ 2 * (1 - t ^ 2) ≥ 1
hP : 0 < 1 + 1 / 2 * t ^ 2 + 1 / 2 * t ^ 4
hge : 0 ≤ 1 + 1 / 2 * t ^ 2 + 1 / 2 * t ^ 4
h1 : ((1 + 1 / 2 * t ^ 2 + 1 / 2 * t ^ 4) * √(1 - t ^ 2)) ^ 2 = (1 + 1 / 2 * t ^ 2 + 1 / 2 * t ^ 4) ^ 2 * (1 - t ^ 2)
h2 : 0 ≤ (1 + 1 / 2 * t ^ 2 + 1 / 2 * t ^ 4) * √(1 - t ^ 2)
⊢ (1 + 1 / 2 * t ^ 2 + 1 / 2 * t ^ 4) * √(1 - t ^ 2) * ((1 + 1 / 2 * t ^ 2 + 1 / 2 * t ^ 4) * √(1 - t ^ 2)) =
    (1 + 1 / 2 * t ^ 2 + 1 / 2 * t ^ 4) ^ 2 * (1 - t ^ 2)
Kepler/Text/PackingAuto22.lean:3152:35: error: linarith failed to find a contradiction
w : ℝ
hw : 0 ≤ w
hwu : w ^ 2 ≤ 17 / 64
t : ℝ
ht0 : 0 ≤ t
htw : t ≤ w
hu : t ^ 2 ≤ 17 / 64
hu0 : 0 ≤ t ^ 2
hQ : 0 < 1 - t ^ 2
hu2 : t ^ 4 ≤ (17 / 64) ^ 2
hu3 : t ^ 6 ≤ (17 / 64) ^ 3
hcert : 1 - 3 * t ^ 2 - t ^ 4 - t ^ 6 ≥ 0
hkey : (1 + 1 / 2 * t ^ 2 + 1 / 2 * t ^ 4) ^ 2 * (1 - t ^ 2) ≥ 1
hP : 0 < 1 + 1 / 2 * t ^ 2 + 1 / 2 * t ^ 4
hge : 0 ≤ 1 + 1 / 2 * t ^ 2 + 1 / 2 * t ^ 4
hsq : (1 + 1 / 2 * t ^ 2 + 1 / 2 * t ^ 4) * √(1 - t ^ 2) ≥ 1
a✝ : ?m.2019 * (1 - t ^ 2) < ?m.2020
⊢ False
failed
Kepler/Text/PackingAuto22.lean:3244:8: warning: declaration uses `sorry`
Kepler/Text/PackingAuto22.lean:4097:4: warning: `push_neg` has been deprecated. Prefer using `push Not` instead.
If you'd rather continue using `push_neg` in your project, you can implement it as follows:
```
open Lean.Parser.Tactic in
macro "push_neg" cfg:optConfig loc:(location)? : tactic =>
  `(tactic| push $cfg:optConfig Not $[$loc]?)
```
Kepler/Text/PackingAuto22.lean:4108:4: warning: `push_neg` has been deprecated. Prefer using `push Not` instead.
If you'd rather continue using `push_neg` in your project, you can implement it as follows:
```
open Lean.Parser.Tactic in
macro "push_neg" cfg:optConfig loc:(location)? : tactic =>
  `(tactic| push $cfg:optConfig Not $[$loc]?)
```
Kepler/Text/PackingAuto22.lean:4125:4: warning: `push_neg` has been deprecated. Prefer using `push Not` instead.
If you'd rather continue using `push_neg` in your project, you can implement it as follows:
```
open Lean.Parser.Tactic in
macro "push_neg" cfg:optConfig loc:(location)? : tactic =>
  `(tactic| push $cfg:optConfig Not $[$loc]?)
```
Kepler/Text/PackingAuto22.lean:4294:8: warning: declaration uses `sorry`
Kepler/Text/PackingAuto22.lean:4802:8: warning: declaration uses `sorry`
Kepler/Text/PackingAuto22.lean:4817:8: warning: declaration uses `sorry`
Kepler/Text/PackingAuto22.lean:4844:8: warning: declaration uses `sorry`
Kepler/Text/PackingAuto22.lean:4877:8: warning: declaration uses `sorry`
Kepler/Text/PackingAuto22.lean:5458:54: warning: This simp argument is unused:
  add_dotProduct

Hint: Omit it from the simp argument list.
  simp only [WithLp.ofLp_add, dotProduct_add, a̵d̵d̵_̵d̵o̵t̵P̵r̵o̵d̵u̵c̵t̵,̵WithLp.ofLp_sub, dotProduct_sub,
  ̲  ̲ ̲ ̲ ̲ ̲ ̲ ̲ ̲ ̲ ̲ ̲sub_dotProduct, dotProduct_smul, smul_dotProduct, dotProduct_comm]

Note: This linter can be disabled with `set_option linter.unusedSimpArgs false`
Kepler/Text/PackingAuto22.lean:5459:45: warning: This simp argument is unused:
  sub_dotProduct

Hint: Omit it from the simp argument list.
  simp only [WithLp.ofLp_add, dotProduct_add, add_dotProduct, WithLp.ofLp_sub,
  ̲  ̲ ̲ ̲ ̲ ̲ ̲ ̲ ̲ ̲ ̲ ̲dotProduct_sub, s̵u̵b̵_̵d̵o̵t̵P̵r̵o̵d̵u̵c̵t̵,̵dotProduct_smul, smul_dotProduct, dotProduct_comm]

Note: This linter can be disabled with `set_option linter.unusedSimpArgs false`
Kepler/Text/PackingAuto22.lean:5460:12: warning: This simp argument is unused:
  dotProduct_smul

Hint: Omit it from the simp argument list.
  simp only [WithLp.ofLp_add, dotProduct_add, add_dotProduct, WithLp.ofLp_sub,
  ̲  ̲ ̲ ̲ ̲ ̲ ̲ ̲ ̲ ̲ ̲ ̲dotProduct_sub, sub_dotProduct, d̵o̵t̵P̵r̵o̵d̵u̵c̵t̵_̵s̵m̵u̵l̵,̵ ̵smul_dotProduct, dotProduct_comm]

Note: This linter can be disabled with `set_option linter.unusedSimpArgs false`
Kepler/Text/PackingAuto22.lean:5460:29: warning: This simp argument is unused:
  smul_dotProduct

Hint: Omit it from the simp argument list.
  simp only [WithLp.ofLp_add, dotProduct_add, add_dotProduct, WithLp.ofLp_sub,
  ̲  ̲ ̲ ̲ ̲ ̲ ̲ ̲ ̲ ̲ ̲ ̲dotProduct_sub, sub_dotProduct, dotProduct_smul, s̵m̵u̵l̵_̵d̵o̵t̵P̵r̵o̵d̵u̵c̵t̵,̵ ̵dotProduct_comm]

Note: This linter can be disabled with `set_option linter.unusedSimpArgs false`
Kepler/Text/PackingAuto22.lean:5486:8: warning: declaration uses `sorry`
Kepler/Text/PackingAuto22.lean:5650:2: warning: `push_neg` has been deprecated. Prefer using `push Not` instead.
If you'd rather continue using `push_neg` in your project, you can implement it as follows:
```
open Lean.Parser.Tactic in
macro "push_neg" cfg:optConfig loc:(location)? : tactic =>
  `(tactic| push $cfg:optConfig Not $[$loc]?)
```
Kepler/Text/PackingAuto22.lean:5672:10: warning: This simp argument is unused:
  Set.mem_insert_iff

Hint: Omit it from the simp argument list.
  simp [̵S̵e̵t̵.̵m̵e̵m̵_̵i̵n̵s̵e̵r̵t̵_̵i̵f̵f̵,̵ ̵S̵e̵t̵.̵m̵e̵m̵_̵s̵i̵n̵g̵l̵e̵t̵o̵n̵_̵i̵f̵f̵,̵[̲S̲e̲t̲.̲m̲e̲m̲_̲s̲i̲n̲g̲l̲e̲t̲o̲n̲_̲i̲f̲f̲,̲ hxy]

Note: This linter can be disabled with `set_option linter.unusedSimpArgs false`
Kepler/Text/PackingAuto22.lean:5981:2: warning: `push_neg` has been deprecated. Prefer using `push Not` instead.
If you'd rather continue using `push_neg` in your project, you can implement it as follows:
```
open Lean.Parser.Tactic in
macro "push_neg" cfg:optConfig loc:(location)? : tactic =>
  `(tactic| push $cfg:optConfig Not $[$loc]?)
```
Kepler/Text/PackingAuto22.lean:6001:8: warning: 'rw [← direction_affineSpan ℝ p, hap, direction_top]' tactic does nothing

Note: This linter can be disabled with `set_option linter.unusedTactic false`
Kepler/Text/PackingAuto22.lean:6002:8: warning: 'rw [← AffineSubspace.direction_affineSpan ℝ p, hap, AffineSubspace.direction_top]' tactic does nothing

Note: This linter can be disabled with `set_option linter.unusedTactic false`
Kepler/Text/PackingAuto22.lean:6001:8: warning: this tactic is never executed

Note: This linter can be disabled with `set_option linter.unreachableTactic false`
Kepler/Text/PackingAuto22.lean:6002:8: warning: this tactic is never executed

Note: This linter can be disabled with `set_option linter.unreachableTactic false`
Kepler/Text/PackingAuto22.lean:6101:8: warning: declaration uses `sorry`
Kepler/Text/PackingAuto22.lean:6269:8: warning: declaration uses `sorry`
Kepler/Text/PackingAuto22.lean:6297:8: warning: declaration uses `sorry`
Kepler/Text/PackingAuto22.lean:6461:8: warning: declaration uses `sorry`
Kepler/Text/PackingAuto22.lean:6481:8: warning: declaration uses `sorry`
Kepler/Text/PackingAuto22.lean:6526:4: warning: `push_neg` has been deprecated. Prefer using `push Not` instead.
If you'd rather continue using `push_neg` in your project, you can implement it as follows:
```
open Lean.Parser.Tactic in
macro "push_neg" cfg:optConfig loc:(location)? : tactic =>
  `(tactic| push $cfg:optConfig Not $[$loc]?)
```
Kepler/Text/PackingAuto22.lean:6556:10: warning: This simp argument is unused:
  WithLp.ofLp_sub

Hint: Omit it from the simp argument list.
  simp [WithLp.ofLp_su̵b̵,̵ ̵W̵i̵t̵h̵L̵p̵.̵o̵f̵L̵p̵_̵s̵mul, PiLp.single_apply, hji]

Note: This linter can be disabled with `set_option linter.unusedSimpArgs false`
Kepler/Text/PackingAuto22.lean:6556:27: warning: This simp argument is unused:
  WithLp.ofLp_smul

Hint: Omit it from the simp argument list.
  simp [WithLp.ofLp_sub, W̵i̵t̵h̵L̵p̵.̵o̵f̵L̵p̵_̵s̵m̵u̵l̵,̵ ̵PiLp.single_apply, hji]

Note: This linter can be disabled with `set_option linter.unusedSimpArgs false`
Kepler/Text/PackingAuto22.lean:6556:45: warning: This simp argument is unused:
  PiLp.single_apply

Hint: Omit it from the simp argument list.
  simp [WithLp.ofLp_sub, WithLp.ofLp_smul, P̵i̵L̵p̵.̵s̵i̵n̵g̵l̵e̵_̵a̵p̵p̵l̵y̵,̵ ̵hji]

Note: This linter can be disabled with `set_option linter.unusedSimpArgs false`
Kepler/Text/PackingAuto22.lean:6866:8: warning: declaration uses `sorry`
Kepler/Text/PackingAuto22.lean:6953:2: warning: `push_neg` has been deprecated. Prefer using `push Not` instead.
If you'd rather continue using `push_neg` in your project, you can implement it as follows:
```
open Lean.Parser.Tactic in
macro "push_neg" cfg:optConfig loc:(location)? : tactic =>
  `(tactic| push $cfg:optConfig Not $[$loc]?)
```
Kepler/Text/PackingAuto22.lean:7093:8: warning: declaration uses `sorry`
Kepler/Text/PackingAuto22.lean:7101:8: warning: declaration uses `sorry`
Kepler/Text/PackingAuto22.lean:7140:8: warning: declaration uses `sorry`
Kepler/Text/PackingAuto22.lean:7212:8: warning: declaration uses `sorry`
Kepler/Text/PackingAuto22.lean:7227:6: warning: Try `simp at hdim` instead of `simpa using hdim`

Note: This linter can be disabled with `set_option linter.unnecessarySimpa false`
Kepler/Text/PackingAuto22.lean:7245:8: warning: declaration uses `sorry`
Kepler/Text/PackingAuto22.lean:7251:8: warning: declaration uses `sorry`
Kepler/Text/PackingAuto22.lean:7259:8: warning: declaration uses `sorry`
Kepler/Text/PackingAuto22.lean:7284:8: warning: declaration uses `sorry`
Kepler/Text/PackingAuto22.lean:7293:8: warning: declaration uses `sorry`
Kepler/Text/PackingAuto22.lean:7325:17: warning: `Set.diff_subset` has been deprecated: Use `Set.sdiff_subset` instead
Kepler/Text/PackingAuto22.lean:7397:8: warning: declaration uses `sorry`
Kepler/Text/PackingAuto22.lean:7409:8: warning: declaration uses `sorry`
Kepler/Text/PackingAuto22.lean:7483:8: warning: declaration uses `sorry`
Kepler/Text/PackingAuto22.lean:7489:8: warning: declaration uses `sorry`
Kepler/Text/PackingAuto22.lean:7495:8: warning: declaration uses `sorry`
Kepler/Text/PackingAuto22.lean:7506:8: warning: declaration uses `sorry`
Kepler/Text/PackingAuto22.lean:7513:8: warning: declaration uses `sorry`
Kepler/Text/PackingAuto22.lean:7520:8: warning: declaration uses `sorry`
