Kepler/Text/PackingAuto22.lean:455:4: warning: `push_neg` has been deprecated. Prefer using `push Not` instead.
If you'd rather continue using `push_neg` in your project, you can implement it as follows:
```
open Lean.Parser.Tactic in
macro "push_neg" cfg:optConfig loc:(location)? : tactic =>
  `(tactic| push $cfg:optConfig Not $[$loc]?)
```
Kepler/Text/PackingAuto22.lean:615:10: warning: 'exact finrank_self' tactic does nothing

Note: This linter can be disabled with `set_option linter.unusedTactic false`
Kepler/Text/PackingAuto22.lean:616:10: warning: 'norm_num' tactic does nothing

Note: This linter can be disabled with `set_option linter.unusedTactic false`
Kepler/Text/PackingAuto22.lean:615:10: warning: this tactic is never executed

Note: This linter can be disabled with `set_option linter.unreachableTactic false`
Kepler/Text/PackingAuto22.lean:616:10: warning: this tactic is never executed

Note: This linter can be disabled with `set_option linter.unreachableTactic false`
Kepler/Text/PackingAuto22.lean:1011:4: warning: `push_neg` has been deprecated. Prefer using `push Not` instead.
If you'd rather continue using `push_neg` in your project, you can implement it as follows:
```
open Lean.Parser.Tactic in
macro "push_neg" cfg:optConfig loc:(location)? : tactic =>
  `(tactic| push $cfg:optConfig Not $[$loc]?)
```
Kepler/Text/PackingAuto22.lean:1026:6: warning: `push_neg` has been deprecated. Prefer using `push Not` instead.
If you'd rather continue using `push_neg` in your project, you can implement it as follows:
```
open Lean.Parser.Tactic in
macro "push_neg" cfg:optConfig loc:(location)? : tactic =>
  `(tactic| push $cfg:optConfig Not $[$loc]?)
```
Kepler/Text/PackingAuto22.lean:1185:4: warning: `push_neg` has been deprecated. Prefer using `push Not` instead.
If you'd rather continue using `push_neg` in your project, you can implement it as follows:
```
open Lean.Parser.Tactic in
macro "push_neg" cfg:optConfig loc:(location)? : tactic =>
  `(tactic| push $cfg:optConfig Not $[$loc]?)
```
Kepler/Text/PackingAuto22.lean:1475:8: warning: `push_neg` has been deprecated. Prefer using `push Not` instead.
If you'd rather continue using `push_neg` in your project, you can implement it as follows:
```
open Lean.Parser.Tactic in
macro "push_neg" cfg:optConfig loc:(location)? : tactic =>
  `(tactic| push $cfg:optConfig Not $[$loc]?)
```
Kepler/Text/PackingAuto22.lean:1605:4: warning: `push_neg` has been deprecated. Prefer using `push Not` instead.
If you'd rather continue using `push_neg` in your project, you can implement it as follows:
```
open Lean.Parser.Tactic in
macro "push_neg" cfg:optConfig loc:(location)? : tactic =>
  `(tactic| push $cfg:optConfig Not $[$loc]?)
```
Kepler/Text/PackingAuto22.lean:1857:4: warning: `push_neg` has been deprecated. Prefer using `push Not` instead.
If you'd rather continue using `push_neg` in your project, you can implement it as follows:
```
open Lean.Parser.Tactic in
macro "push_neg" cfg:optConfig loc:(location)? : tactic =>
  `(tactic| push $cfg:optConfig Not $[$loc]?)
```
Kepler/Text/PackingAuto22.lean:1900:6: warning: `push_neg` has been deprecated. Prefer using `push Not` instead.
If you'd rather continue using `push_neg` in your project, you can implement it as follows:
```
open Lean.Parser.Tactic in
macro "push_neg" cfg:optConfig loc:(location)? : tactic =>
  `(tactic| push $cfg:optConfig Not $[$loc]?)
```
Kepler/Text/PackingAuto22.lean:1953:8: warning: try 'simp' instead of 'simpa'

Note: This linter can be disabled with `set_option linter.unnecessarySimpa false`
Kepler/Text/PackingAuto22.lean:1972:8: warning: declaration uses `sorry`
Kepler/Text/PackingAuto22.lean:2321:8: warning: declaration uses `sorry`
Kepler/Text/PackingAuto22.lean:2353:8: warning: declaration uses `sorry`
Kepler/Text/PackingAuto22.lean:2610:41: warning: try 'simp' instead of 'simpa'

Note: This linter can be disabled with `set_option linter.unnecessarySimpa false`
Kepler/Text/PackingAuto22.lean:3058:8: warning: declaration uses `sorry`
Kepler/Text/PackingAuto22.lean:3911:4: warning: `push_neg` has been deprecated. Prefer using `push Not` instead.
If you'd rather continue using `push_neg` in your project, you can implement it as follows:
```
open Lean.Parser.Tactic in
macro "push_neg" cfg:optConfig loc:(location)? : tactic =>
  `(tactic| push $cfg:optConfig Not $[$loc]?)
```
Kepler/Text/PackingAuto22.lean:3922:4: warning: `push_neg` has been deprecated. Prefer using `push Not` instead.
If you'd rather continue using `push_neg` in your project, you can implement it as follows:
```
open Lean.Parser.Tactic in
macro "push_neg" cfg:optConfig loc:(location)? : tactic =>
  `(tactic| push $cfg:optConfig Not $[$loc]?)
```
Kepler/Text/PackingAuto22.lean:3939:4: warning: `push_neg` has been deprecated. Prefer using `push Not` instead.
If you'd rather continue using `push_neg` in your project, you can implement it as follows:
```
open Lean.Parser.Tactic in
macro "push_neg" cfg:optConfig loc:(location)? : tactic =>
  `(tactic| push $cfg:optConfig Not $[$loc]?)
```
Kepler/Text/PackingAuto22.lean:4108:8: warning: declaration uses `sorry`
Kepler/Text/PackingAuto22.lean:4616:8: warning: declaration uses `sorry`
Kepler/Text/PackingAuto22.lean:4631:8: warning: declaration uses `sorry`
Kepler/Text/PackingAuto22.lean:4658:8: warning: declaration uses `sorry`
Kepler/Text/PackingAuto22.lean:4691:8: warning: declaration uses `sorry`
Kepler/Text/PackingAuto22.lean:5272:54: warning: This simp argument is unused:
  add_dotProduct

Hint: Omit it from the simp argument list.
  simp only [WithLp.ofLp_add, dotProduct_add, a̵d̵d̵_̵d̵o̵t̵P̵r̵o̵d̵u̵c̵t̵,̵WithLp.ofLp_sub, dotProduct_sub,
  ̲  ̲ ̲ ̲ ̲ ̲ ̲ ̲ ̲ ̲ ̲ ̲sub_dotProduct, dotProduct_smul, smul_dotProduct, dotProduct_comm]

Note: This linter can be disabled with `set_option linter.unusedSimpArgs false`
Kepler/Text/PackingAuto22.lean:5273:45: warning: This simp argument is unused:
  sub_dotProduct

Hint: Omit it from the simp argument list.
  simp only [WithLp.ofLp_add, dotProduct_add, add_dotProduct, WithLp.ofLp_sub,
  ̲  ̲ ̲ ̲ ̲ ̲ ̲ ̲ ̲ ̲ ̲ ̲dotProduct_sub, s̵u̵b̵_̵d̵o̵t̵P̵r̵o̵d̵u̵c̵t̵,̵dotProduct_smul, smul_dotProduct, dotProduct_comm]

Note: This linter can be disabled with `set_option linter.unusedSimpArgs false`
Kepler/Text/PackingAuto22.lean:5274:12: warning: This simp argument is unused:
  dotProduct_smul

Hint: Omit it from the simp argument list.
  simp only [WithLp.ofLp_add, dotProduct_add, add_dotProduct, WithLp.ofLp_sub,
  ̲  ̲ ̲ ̲ ̲ ̲ ̲ ̲ ̲ ̲ ̲ ̲dotProduct_sub, sub_dotProduct, d̵o̵t̵P̵r̵o̵d̵u̵c̵t̵_̵s̵m̵u̵l̵,̵ ̵smul_dotProduct, dotProduct_comm]

Note: This linter can be disabled with `set_option linter.unusedSimpArgs false`
Kepler/Text/PackingAuto22.lean:5274:29: warning: This simp argument is unused:
  smul_dotProduct

Hint: Omit it from the simp argument list.
  simp only [WithLp.ofLp_add, dotProduct_add, add_dotProduct, WithLp.ofLp_sub,
  ̲  ̲ ̲ ̲ ̲ ̲ ̲ ̲ ̲ ̲ ̲ ̲dotProduct_sub, sub_dotProduct, dotProduct_smul, s̵m̵u̵l̵_̵d̵o̵t̵P̵r̵o̵d̵u̵c̵t̵,̵ ̵dotProduct_comm]

Note: This linter can be disabled with `set_option linter.unusedSimpArgs false`
Kepler/Text/PackingAuto22.lean:5300:8: warning: declaration uses `sorry`
Kepler/Text/PackingAuto22.lean:5464:2: warning: `push_neg` has been deprecated. Prefer using `push Not` instead.
If you'd rather continue using `push_neg` in your project, you can implement it as follows:
```
open Lean.Parser.Tactic in
macro "push_neg" cfg:optConfig loc:(location)? : tactic =>
  `(tactic| push $cfg:optConfig Not $[$loc]?)
```
Kepler/Text/PackingAuto22.lean:5486:10: warning: This simp argument is unused:
  Set.mem_insert_iff

Hint: Omit it from the simp argument list.
  simp [̵S̵e̵t̵.̵m̵e̵m̵_̵i̵n̵s̵e̵r̵t̵_̵i̵f̵f̵,̵ ̵S̵e̵t̵.̵m̵e̵m̵_̵s̵i̵n̵g̵l̵e̵t̵o̵n̵_̵i̵f̵f̵,̵[̲S̲e̲t̲.̲m̲e̲m̲_̲s̲i̲n̲g̲l̲e̲t̲o̲n̲_̲i̲f̲f̲,̲ hxy]

Note: This linter can be disabled with `set_option linter.unusedSimpArgs false`
Kepler/Text/PackingAuto22.lean:5795:2: warning: `push_neg` has been deprecated. Prefer using `push Not` instead.
If you'd rather continue using `push_neg` in your project, you can implement it as follows:
```
open Lean.Parser.Tactic in
macro "push_neg" cfg:optConfig loc:(location)? : tactic =>
  `(tactic| push $cfg:optConfig Not $[$loc]?)
```
Kepler/Text/PackingAuto22.lean:5815:8: warning: 'rw [← direction_affineSpan ℝ p, hap, direction_top]' tactic does nothing

Note: This linter can be disabled with `set_option linter.unusedTactic false`
Kepler/Text/PackingAuto22.lean:5816:8: warning: 'rw [← AffineSubspace.direction_affineSpan ℝ p, hap, AffineSubspace.direction_top]' tactic does nothing

Note: This linter can be disabled with `set_option linter.unusedTactic false`
Kepler/Text/PackingAuto22.lean:5815:8: warning: this tactic is never executed

Note: This linter can be disabled with `set_option linter.unreachableTactic false`
Kepler/Text/PackingAuto22.lean:5816:8: warning: this tactic is never executed

Note: This linter can be disabled with `set_option linter.unreachableTactic false`
Kepler/Text/PackingAuto22.lean:5915:8: warning: declaration uses `sorry`
Kepler/Text/PackingAuto22.lean:6083:8: warning: declaration uses `sorry`
Kepler/Text/PackingAuto22.lean:6111:8: warning: declaration uses `sorry`
Kepler/Text/PackingAuto22.lean:6275:8: warning: declaration uses `sorry`
Kepler/Text/PackingAuto22.lean:6295:8: warning: declaration uses `sorry`
Kepler/Text/PackingAuto22.lean:6340:4: warning: `push_neg` has been deprecated. Prefer using `push Not` instead.
If you'd rather continue using `push_neg` in your project, you can implement it as follows:
```
open Lean.Parser.Tactic in
macro "push_neg" cfg:optConfig loc:(location)? : tactic =>
  `(tactic| push $cfg:optConfig Not $[$loc]?)
```
Kepler/Text/PackingAuto22.lean:6370:10: warning: This simp argument is unused:
  WithLp.ofLp_sub

Hint: Omit it from the simp argument list.
  simp [WithLp.ofLp_su̵b̵,̵ ̵W̵i̵t̵h̵L̵p̵.̵o̵f̵L̵p̵_̵s̵mul, PiLp.single_apply, hji]

Note: This linter can be disabled with `set_option linter.unusedSimpArgs false`
Kepler/Text/PackingAuto22.lean:6370:27: warning: This simp argument is unused:
  WithLp.ofLp_smul

Hint: Omit it from the simp argument list.
  simp [WithLp.ofLp_sub, W̵i̵t̵h̵L̵p̵.̵o̵f̵L̵p̵_̵s̵m̵u̵l̵,̵ ̵PiLp.single_apply, hji]

Note: This linter can be disabled with `set_option linter.unusedSimpArgs false`
Kepler/Text/PackingAuto22.lean:6370:45: warning: This simp argument is unused:
  PiLp.single_apply

Hint: Omit it from the simp argument list.
  simp [WithLp.ofLp_sub, WithLp.ofLp_smul, P̵i̵L̵p̵.̵s̵i̵n̵g̵l̵e̵_̵a̵p̵p̵l̵y̵,̵ ̵hji]

Note: This linter can be disabled with `set_option linter.unusedSimpArgs false`
Kepler/Text/PackingAuto22.lean:6680:8: warning: declaration uses `sorry`
Kepler/Text/PackingAuto22.lean:6767:2: warning: `push_neg` has been deprecated. Prefer using `push Not` instead.
If you'd rather continue using `push_neg` in your project, you can implement it as follows:
```
open Lean.Parser.Tactic in
macro "push_neg" cfg:optConfig loc:(location)? : tactic =>
  `(tactic| push $cfg:optConfig Not $[$loc]?)
```
Kepler/Text/PackingAuto22.lean:6907:8: warning: declaration uses `sorry`
Kepler/Text/PackingAuto22.lean:6915:8: warning: declaration uses `sorry`
Kepler/Text/PackingAuto22.lean:6954:8: warning: declaration uses `sorry`
Kepler/Text/PackingAuto22.lean:7026:8: warning: declaration uses `sorry`
Kepler/Text/PackingAuto22.lean:7041:6: warning: Try `simp at hdim` instead of `simpa using hdim`

Note: This linter can be disabled with `set_option linter.unnecessarySimpa false`
Kepler/Text/PackingAuto22.lean:7059:8: warning: declaration uses `sorry`
Kepler/Text/PackingAuto22.lean:7065:8: warning: declaration uses `sorry`
Kepler/Text/PackingAuto22.lean:7073:8: warning: declaration uses `sorry`
Kepler/Text/PackingAuto22.lean:7098:8: warning: declaration uses `sorry`
Kepler/Text/PackingAuto22.lean:7107:8: warning: declaration uses `sorry`
Kepler/Text/PackingAuto22.lean:7139:17: warning: `Set.diff_subset` has been deprecated: Use `Set.sdiff_subset` instead
Kepler/Text/PackingAuto22.lean:7211:8: warning: declaration uses `sorry`
Kepler/Text/PackingAuto22.lean:7223:8: warning: declaration uses `sorry`
Kepler/Text/PackingAuto22.lean:7297:8: warning: declaration uses `sorry`
Kepler/Text/PackingAuto22.lean:7303:8: warning: declaration uses `sorry`
Kepler/Text/PackingAuto22.lean:7309:8: warning: declaration uses `sorry`
Kepler/Text/PackingAuto22.lean:7320:8: warning: declaration uses `sorry`
Kepler/Text/PackingAuto22.lean:7327:8: warning: declaration uses `sorry`
Kepler/Text/PackingAuto22.lean:7334:8: warning: declaration uses `sorry`
