07:51:47 TASKFAIL k=2 stage=der rung=128 out=/home/scroll/repos/kepler-conjecture-lean4/pipeline/interval/out/prod549/smoke/shards/S2/r128_der.jsonl
07:51:49 TASKFAIL k=1 stage=der rung=128 out=/home/scroll/repos/kepler-conjecture-lean4/pipeline/interval/out/prod549/smoke/shards/S1/r128_der.jsonl
07:51:53 TASKFAIL k=0 stage=face rung=2048 out=/home/scroll/repos/kepler-conjecture-lean4/pipeline/interval/out/prod549/smoke/locheck/r2048_face_1.jsonl
07:51:53 TASKFAIL k=0 stage=face rung=2048 out=/home/scroll/repos/kepler-conjecture-lean4/pipeline/interval/out/prod549/smoke/locheck/r2048_face_0.jsonl
07:51:53 TASKFAIL k=0 stage=face rung=2048 out=/home/scroll/repos/kepler-conjecture-lean4/pipeline/interval/out/prod549/smoke/locheck/r2048_face_3.jsonl
07:51:53 TASKFAIL k=0 stage=face rung=2048 out=/home/scroll/repos/kepler-conjecture-lean4/pipeline/interval/out/prod549/smoke/locheck/r2048_face_4.jsonl
07:51:53 TASKFAIL k=0 stage=face rung=2048 out=/home/scroll/repos/kepler-conjecture-lean4/pipeline/interval/out/prod549/smoke/locheck/r2048_face_2.jsonl
07:51:53 TASKFAIL k=0 stage=face rung=2048 out=/home/scroll/repos/kepler-conjecture-lean4/pipeline/interval/out/prod549/smoke/locheck/r2048_face_5.jsonl
07:52:17 TASKFAIL k=2 stage=cert rung=128 out=/home/scroll/repos/kepler-conjecture-lean4/pipeline/interval/out/prod549/smoke/shards/S2/r128_cert.jsonl
07:52:18 TASKFAIL k=1 stage=cert rung=128 out=/home/scroll/repos/kepler-conjecture-lean4/pipeline/interval/out/prod549/smoke/shards/S1/r128_cert.jsonl
07:53:56 TASKFAIL k=2 stage=face rung=128 out=/home/scroll/repos/kepler-conjecture-lean4/pipeline/interval/out/prod549/smoke/shards/S2/r128_face.jsonl
07:54:06 TASKFAIL k=1 stage=face rung=128 out=/home/scroll/repos/kepler-conjecture-lean4/pipeline/interval/out/prod549/smoke/shards/S1/r128_face.jsonl
07:54:06 TASKFAIL k=1 stage=full rung=128 out=/home/scroll/repos/kepler-conjecture-lean4/pipeline/interval/out/prod549/smoke/shards/S1/r128_full.jsonl
07:54:07 TASKFAIL k=2 stage=full rung=128 out=/home/scroll/repos/kepler-conjecture-lean4/pipeline/interval/out/prod549/smoke/shards/S2/r128_full.jsonl
07:55:13 TASKFAIL k=2 stage=der rung=512 out=/home/scroll/repos/kepler-conjecture-lean4/pipeline/interval/out/prod549/smoke/shards/S2/r512_der.jsonl
07:55:26 TASKFAIL k=2 stage=cert rung=512 out=/home/scroll/repos/kepler-conjecture-lean4/pipeline/interval/out/prod549/smoke/shards/S2/r512_cert.jsonl
07:55:47 TASKFAIL k=2 stage=full rung=512 out=/home/scroll/repos/kepler-conjecture-lean4/pipeline/interval/out/prod549/smoke/shards/S2/r512_full.jsonl
07:56:54 TASKFAIL k=2 stage=der rung=2048 out=/home/scroll/repos/kepler-conjecture-lean4/pipeline/interval/out/prod549/smoke/shards/S2/r2048_der.jsonl
07:57:06 TASKFAIL k=2 stage=cert rung=2048 out=/home/scroll/repos/kepler-conjecture-lean4/pipeline/interval/out/prod549/smoke/shards/S2/r2048_cert.jsonl
08:05:08 TASKFAIL k=2 stage=full rung=2048 out=/home/scroll/repos/kepler-conjecture-lean4/pipeline/interval/out/prod549/smoke/shards/S2/r2048_full.jsonl
