'Kepler.the_kepler_conjecture_e2e' depends on axioms: [propext,
 sorryAx,
 Classical.choice,
 Quot.sound,
 Kepler.Assembly.goodListHex00._native.native_decide.ax_1_1,
 Kepler.Assembly.goodListHex01._native.native_decide.ax_1_1,
 Kepler.Assembly.goodListHex02._native.native_decide.ax_1_1,
 Kepler.Assembly.goodListPent00._native.native_decide.ax_1_1,
 Kepler.Assembly.goodListPent01._native.native_decide.ax_1_1,
 Kepler.Assembly.goodListPent02._native.native_decide.ax_1_1,
 Kepler.Assembly.goodListPent03._native.native_decide.ax_1_1,
 Kepler.Assembly.goodListPent04._native.native_decide.ax_1_1,
 Kepler.Assembly.goodListPent05._native.native_decide.ax_1_1,
 Kepler.Assembly.goodListPent06._native.native_decide.ax_1_1,
 Kepler.Assembly.goodListPent07._native.native_decide.ax_1_1,
 Kepler.Assembly.goodListPent08._native.native_decide.ax_1_1,
 Kepler.Assembly.goodListPent09._native.native_decide.ax_1_1,
 Kepler.Assembly.goodListPent10._native.native_decide.ax_1_1,
 Kepler.Assembly.goodListPent11._native.native_decide.ax_1_1,
 Kepler.Assembly.goodListPent12._native.native_decide.ax_1_1,
 Kepler.Assembly.goodListPent13._native.native_decide.ax_1_1,
 Kepler.Assembly.goodListPent14._native.native_decide.ax_1_1,
 Kepler.Assembly.goodListPent15._native.native_decide.ax_1_1,
 Kepler.Assembly.goodListPent16._native.native_decide.ax_1_1,
 Kepler.Assembly.goodListQuad00._native.native_decide.ax_1_1,
 Kepler.Assembly.goodListQuad01._native.native_decide.ax_1_1,
 Kepler.Assembly.goodListTri00._native.native_decide.ax_1_1,
 Kepler.Graphs.hex_archive_pre._native.native_decide.ax_1_1,
 Kepler.Graphs.hex_shard_100._native.native_decide.ax_1_1,
 Kepler.Graphs.hex_shard_1000._native.native_decide.ax_1_1,
 Kepler.Graphs.hex_shard_1100._native.native_decide.ax_1_1,
 Kepler.Graphs.hex_shard_1200._native.native_decide.ax_1_1,
 Kepler.Graphs.hex_shard_1300._native.native_decide.ax_1_1,
 Kepler.Graphs.hex_shard_1400._native.native_decide.ax_1_1,
 Kepler.Graphs.hex_shard_1500._native.native_decide.ax_1_1,
 Kepler.Graphs.hex_shard_1600._native.native_decide.ax_1_1,
 Kepler.Graphs.hex_shard_1800._native.native_decide.ax_1_1,
 Kepler.Graphs.hex_shard_1900._native.native_decide.ax_1_1,
 Kepler.Graphs.hex_shard_200._native.native_decide.ax_1_1,
 Kepler.Graphs.hex_shard_2000._native.native_decide.ax_1_1,
 Kepler.Graphs.hex_shard_2100._native.native_decide.ax_1_1,
 Kepler.Graphs.hex_shard_2200._native.native_decide.ax_1_1,
 Kepler.Graphs.hex_shard_2300._native.native_decide.ax_1_1,
 Kepler.Graphs.hex_shard_2400._native.native_decide.ax_1_1,
 Kepler.Graphs.hex_shard_2500._native.native_decide.ax_1_1,
 Kepler.Graphs.hex_shard_2700._native.native_decide.ax_1_1,
 Kepler.Graphs.hex_shard_2800._native.native_decide.ax_1_1,
 Kepler.Graphs.hex_shard_2900._native.native_decide.ax_1_1,
 Kepler.Graphs.hex_shard_3000._native.native_decide.ax_1_1,
 Kepler.Graphs.hex_shard_3100._native.native_decide.ax_1_1,
 Kepler.Graphs.hex_shard_3200._native.native_decide.ax_1_1,
 Kepler.Graphs.hex_shard_3400._native.native_decide.ax_1_1,
 Kepler.Graphs.hex_shard_3600._native.native_decide.ax_1_1,
 Kepler.Graphs.hex_shard_3700._native.native_decide.ax_1_1,
 Kepler.Graphs.hex_shard_3800._native.native_decide.ax_1_1,
 Kepler.Graphs.hex_shard_3900._native.native_decide.ax_1_1,
 Kepler.Graphs.hex_shard_4000._native.native_decide.ax_1_1,
 Kepler.Graphs.hex_shard_4100._native.native_decide.ax_1_1,
 Kepler.Graphs.hex_shard_4200._native.native_decide.ax_1_1,
 Kepler.Graphs.hex_shard_4400._native.native_decide.ax_1_1,
 Kepler.Graphs.hex_shard_4500._native.native_decide.ax_1_1,
 Kepler.Graphs.hex_shard_4700._native.native_decide.ax_1_1,
 Kepler.Graphs.hex_shard_4800._native.native_decide.ax_1_1,
 Kepler.Graphs.hex_shard_4900._native.native_decide.ax_1_1,
 Kepler.Graphs.hex_shard_5000._native.native_decide.ax_1_1,
 Kepler.Graphs.hex_shard_5100._native.native_decide.ax_1_1,
 Kepler.Graphs.hex_shard_5200._native.native_decide.ax_1_1,
 Kepler.Graphs.hex_shard_5300._native.native_decide.ax_1_1,
 Kepler.Graphs.hex_shard_5400._native.native_decide.ax_1_1,
 Kepler.Graphs.hex_shard_5500._native.native_decide.ax_1_1,
 Kepler.Graphs.hex_shard_5600._native.native_decide.ax_1_1,
 Kepler.Graphs.hex_shard_5700._native.native_decide.ax_1_1,
 Kepler.Graphs.hex_shard_5800._native.native_decide.ax_1_1,
 Kepler.Graphs.hex_shard_5900._native.native_decide.ax_1_1,
 Kepler.Graphs.hex_shard_600._native.native_decide.ax_1_1,
 Kepler.Graphs.hex_shard_6000._native.native_decide.ax_1_1,
 Kepler.Graphs.hex_shard_6100._native.native_decide.ax_1_1,
 Kepler.Graphs.hex_shard_6200._native.native_decide.ax_1_1,
 Kepler.Graphs.hex_shard_6300._native.native_decide.ax_1_1,
 Kepler.Graphs.hex_shard_6400._native.native_decide.ax_1_1,
 Kepler.Graphs.hex_shard_6500._native.native_decide.ax_1_1,
 Kepler.Graphs.hex_shard_6600._native.native_decide.ax_1_1,
 Kepler.Graphs.hex_shard_6700._native.native_decide.ax_1_1,
 Kepler.Graphs.hex_shard_6800._native.native_decide.ax_1_1,
 Kepler.Graphs.hex_shard_6900._native.native_decide.ax_1_1,
 Kepler.Graphs.hex_shard_7000._native.native_decide.ax_1_1,
 Kepler.Graphs.hex_shard_7100._native.native_decide.ax_1_1,
 Kepler.Graphs.hex_shard_7200._native.native_decide.ax_1_1,
 Kepler.Graphs.hex_shard_7300._native.native_decide.ax_1_1,
 Kepler.Graphs.hex_shard_7400._native.native_decide.ax_1_1,
 Kepler.Graphs.hex_shard_7500._native.native_decide.ax_1_1,
 Kepler.Graphs.hex_shard_7600._native.native_decide.ax_1_1,
 Kepler.Graphs.hex_shard_800._native.native_decide.ax_1_1,
 Kepler.Graphs.hex_shard_900._native.native_decide.ax_1_1,
 Kepler.Graphs.hex_top_bounds._native.native_decide.ax_1_1,
 Kepler.Graphs.hex_top_no_finals._native.native_decide.ax_1_1,
 Kepler.Graphs.hex_top_replay._native.native_decide.ax_1_1,
 Kepler.Graphs.hexr2_shard_0._native.native_decide.ax_1_1,
 Kepler.Graphs.hexr2_shard_1._native.native_decide.ax_1_1,
 Kepler.Graphs.hexr2_shard_2._native.native_decide.ax_1_1,
 Kepler.Graphs.hexr2_shard_3._native.native_decide.ax_1_1,
 Kepler.Graphs.hexr2_shard_4._native.native_decide.ax_1_1,
 Kepler.Graphs.hexr_shard_10._native.native_decide.ax_1_1,
 Kepler.Graphs.hexr_shard_15._native.native_decide.ax_1_1,
 Kepler.Graphs.hexr_shard_1700._native.native_decide.ax_1_1,
 Kepler.Graphs.hexr_shard_1705._native.native_decide.ax_1_1,
 Kepler.Graphs.hexr_shard_1710._native.native_decide.ax_1_1,
 Kepler.Graphs.hexr_shard_1715._native.native_decide.ax_1_1,
 Kepler.Graphs.hexr_shard_1720._native.native_decide.ax_1_1,
 Kepler.Graphs.hexr_shard_1725._native.native_decide.ax_1_1,
 Kepler.Graphs.hexr_shard_1730._native.native_decide.ax_1_1,
 Kepler.Graphs.hexr_shard_1735._native.native_decide.ax_1_1,
 Kepler.Graphs.hexr_shard_1740._native.native_decide.ax_1_1,
 Kepler.Graphs.hexr_shard_1745._native.native_decide.ax_1_1,
 Kepler.Graphs.hexr_shard_1750._native.native_decide.ax_1_1,
 Kepler.Graphs.hexr_shard_1755._native.native_decide.ax_1_1,
 Kepler.Graphs.hexr_shard_1760._native.native_decide.ax_1_1,
 Kepler.Graphs.hexr_shard_1765._native.native_decide.ax_1_1,
 Kepler.Graphs.hexr_shard_1770._native.native_decide.ax_1_1,
 Kepler.Graphs.hexr_shard_1775._native.native_decide.ax_1_1,
 Kepler.Graphs.hexr_shard_1780._native.native_decide.ax_1_1,
 Kepler.Graphs.hexr_shard_1785._native.native_decide.ax_1_1,
 Kepler.Graphs.hexr_shard_1790._native.native_decide.ax_1_1,
 Kepler.Graphs.hexr_shard_1795._native.native_decide.ax_1_1,
 Kepler.Graphs.hexr_shard_20._native.native_decide.ax_1_1,
 Kepler.Graphs.hexr_shard_25._native.native_decide.ax_1_1,
 Kepler.Graphs.hexr_shard_2600._native.native_decide.ax_1_1,
 Kepler.Graphs.hexr_shard_2605._native.native_decide.ax_1_1,
 Kepler.Graphs.hexr_shard_2610._native.native_decide.ax_1_1,
 Kepler.Graphs.hexr_shard_2615._native.native_decide.ax_1_1,
 Kepler.Graphs.hexr_shard_2620._native.native_decide.ax_1_1,
 Kepler.Graphs.hexr_shard_2625._native.native_decide.ax_1_1,
 Kepler.Graphs.hexr_shard_2630._native.native_decide.ax_1_1,
 Kepler.Graphs.hexr_shard_2635._native.native_decide.ax_1_1,
 Kepler.Graphs.hexr_shard_2640._native.native_decide.ax_1_1,
 Kepler.Graphs.hexr_shard_2645._native.native_decide.ax_1_1,
 Kepler.Graphs.hexr_shard_2650._native.native_decide.ax_1_1,
 Kepler.Graphs.hexr_shard_2655._native.native_decide.ax_1_1,
 Kepler.Graphs.hexr_shard_2660._native.native_decide.ax_1_1,
 Kepler.Graphs.hexr_shard_2665._native.native_decide.ax_1_1,
 Kepler.Graphs.hexr_shard_2670._native.native_decide.ax_1_1,
 Kepler.Graphs.hexr_shard_2675._native.native_decide.ax_1_1,
 Kepler.Graphs.hexr_shard_2680._native.native_decide.ax_1_1,
 Kepler.Graphs.hexr_shard_2685._native.native_decide.ax_1_1,
 Kepler.Graphs.hexr_shard_2690._native.native_decide.ax_1_1,
 Kepler.Graphs.hexr_shard_2695._native.native_decide.ax_1_1,
 Kepler.Graphs.hexr_shard_30._native.native_decide.ax_1_1,
 Kepler.Graphs.hexr_shard_300._native.native_decide.ax_1_1,
 Kepler.Graphs.hexr_shard_305._native.native_decide.ax_1_1,
 Kepler.Graphs.hexr_shard_310._native.native_decide.ax_1_1,
 Kepler.Graphs.hexr_shard_315._native.native_decide.ax_1_1,
 Kepler.Graphs.hexr_shard_320._native.native_decide.ax_1_1,
 Kepler.Graphs.hexr_shard_325._native.native_decide.ax_1_1,
 Kepler.Graphs.hexr_shard_330._native.native_decide.ax_1_1,
 Kepler.Graphs.hexr_shard_3300._native.native_decide.ax_1_1,
 Kepler.Graphs.hexr_shard_3305._native.native_decide.ax_1_1,
 Kepler.Graphs.hexr_shard_3310._native.native_decide.ax_1_1,
 Kepler.Graphs.hexr_shard_3315._native.native_decide.ax_1_1,
 Kepler.Graphs.hexr_shard_3320._native.native_decide.ax_1_1,
 Kepler.Graphs.hexr_shard_3325._native.native_decide.ax_1_1,
 Kepler.Graphs.hexr_shard_3330._native.native_decide.ax_1_1,
 Kepler.Graphs.hexr_shard_3335._native.native_decide.ax_1_1,
 Kepler.Graphs.hexr_shard_3340._native.native_decide.ax_1_1,
 Kepler.Graphs.hexr_shard_3345._native.native_decide.ax_1_1,
 Kepler.Graphs.hexr_shard_335._native.native_decide.ax_1_1,
 Kepler.Graphs.hexr_shard_3350._native.native_decide.ax_1_1,
 Kepler.Graphs.hexr_shard_3355._native.native_decide.ax_1_1,
 Kepler.Graphs.hexr_shard_3360._native.native_decide.ax_1_1,
 Kepler.Graphs.hexr_shard_3365._native.native_decide.ax_1_1,
 Kepler.Graphs.hexr_shard_3370._native.native_decide.ax_1_1,
 Kepler.Graphs.hexr_shard_3375._native.native_decide.ax_1_1,
 Kepler.Graphs.hexr_shard_3380._native.native_decide.ax_1_1,
 Kepler.Graphs.hexr_shard_3385._native.native_decide.ax_1_1,
 Kepler.Graphs.hexr_shard_3390._native.native_decide.ax_1_1,
 Kepler.Graphs.hexr_shard_3395._native.native_decide.ax_1_1,
 Kepler.Graphs.hexr_shard_340._native.native_decide.ax_1_1,
 Kepler.Graphs.hexr_shard_345._native.native_decide.ax_1_1,
 Kepler.Graphs.hexr_shard_35._native.native_decide.ax_1_1,
 Kepler.Graphs.hexr_shard_350._native.native_decide.ax_1_1,
 Kepler.Graphs.hexr_shard_3500._native.native_decide.ax_1_1,
 Kepler.Graphs.hexr_shard_3505._native.native_decide.ax_1_1,
 Kepler.Graphs.hexr_shard_3510._native.native_decide.ax_1_1,
 Kepler.Graphs.hexr_shard_3515._native.native_decide.ax_1_1,
 Kepler.Graphs.hexr_shard_3520._native.native_decide.ax_1_1,
 Kepler.Graphs.hexr_shard_3525._native.native_decide.ax_1_1,
 Kepler.Graphs.hexr_shard_3530._native.native_decide.ax_1_1,
 Kepler.Graphs.hexr_shard_3535._native.native_decide.ax_1_1,
 Kepler.Graphs.hexr_shard_3540._native.native_decide.ax_1_1,
 Kepler.Graphs.hexr_shard_3545._native.native_decide.ax_1_1,
 Kepler.Graphs.hexr_shard_355._native.native_decide.ax_1_1,
 Kepler.Graphs.hexr_shard_3550._native.native_decide.ax_1_1,
 Kepler.Graphs.hexr_shard_3555._native.native_decide.ax_1_1,
 Kepler.Graphs.hexr_shard_3560._native.native_decide.ax_1_1,
 Kepler.Graphs.hexr_shard_3565._native.native_decide.ax_1_1,
 Kepler.Graphs.hexr_shard_3570._native.native_decide.ax_1_1,
 Kepler.Graphs.hexr_shard_3575._native.native_decide.ax_1_1,
 Kepler.Graphs.hexr_shard_3580._native.native_decide.ax_1_1,
 Kepler.Graphs.hexr_shard_3585._native.native_decide.ax_1_1,
 Kepler.Graphs.hexr_shard_3590._native.native_decide.ax_1_1,
 Kepler.Graphs.hexr_shard_3595._native.native_decide.ax_1_1,
 Kepler.Graphs.hexr_shard_360._native.native_decide.ax_1_1,
 Kepler.Graphs.hexr_shard_365._native.native_decide.ax_1_1,
 Kepler.Graphs.hexr_shard_370._native.native_decide.ax_1_1,
 Kepler.Graphs.hexr_shard_375._native.native_decide.ax_1_1,
 Kepler.Graphs.hexr_shard_380._native.native_decide.ax_1_1,
 Kepler.Graphs.hexr_shard_385._native.native_decide.ax_1_1,
 Kepler.Graphs.hexr_shard_390._native.native_decide.ax_1_1,
 Kepler.Graphs.hexr_shard_395._native.native_decide.ax_1_1,
 Kepler.Graphs.hexr_shard_40._native.native_decide.ax_1_1,
 Kepler.Graphs.hexr_shard_400._native.native_decide.ax_1_1,
 Kepler.Graphs.hexr_shard_405._native.native_decide.ax_1_1,
 Kepler.Graphs.hexr_shard_410._native.native_decide.ax_1_1,
 Kepler.Graphs.hexr_shard_415._native.native_decide.ax_1_1,
 Kepler.Graphs.hexr_shard_420._native.native_decide.ax_1_1,
 Kepler.Graphs.hexr_shard_425._native.native_decide.ax_1_1,
 Kepler.Graphs.hexr_shard_430._native.native_decide.ax_1_1,
 Kepler.Graphs.hexr_shard_4300._native.native_decide.ax_1_1,
 Kepler.Graphs.hexr_shard_4305._native.native_decide.ax_1_1,
 Kepler.Graphs.hexr_shard_4310._native.native_decide.ax_1_1,
 Kepler.Graphs.hexr_shard_4315._native.native_decide.ax_1_1,
 Kepler.Graphs.hexr_shard_4320._native.native_decide.ax_1_1,
 Kepler.Graphs.hexr_shard_4325._native.native_decide.ax_1_1,
 Kepler.Graphs.hexr_shard_4330._native.native_decide.ax_1_1,
 Kepler.Graphs.hexr_shard_4335._native.native_decide.ax_1_1,
 Kepler.Graphs.hexr_shard_4340._native.native_decide.ax_1_1,
 Kepler.Graphs.hexr_shard_4345._native.native_decide.ax_1_1,
 Kepler.Graphs.hexr_shard_435._native.native_decide.ax_1_1,
 Kepler.Graphs.hexr_shard_4350._native.native_decide.ax_1_1,
 Kepler.Graphs.hexr_shard_4355._native.native_decide.ax_1_1,
 Kepler.Graphs.hexr_shard_4360._native.native_decide.ax_1_1,
 Kepler.Graphs.hexr_shard_4365._native.native_decide.ax_1_1,
 Kepler.Graphs.hexr_shard_4370._native.native_decide.ax_1_1,
 Kepler.Graphs.hexr_shard_4375._native.native_decide.ax_1_1,
 Kepler.Graphs.hexr_shard_4380._native.native_decide.ax_1_1,
 Kepler.Graphs.hexr_shard_4385._native.native_decide.ax_1_1,
 Kepler.Graphs.hexr_shard_4390._native.native_decide.ax_1_1,
 Kepler.Graphs.hexr_shard_4395._native.native_decide.ax_1_1,
 Kepler.Graphs.hexr_shard_440._native.native_decide.ax_1_1,
 Kepler.Graphs.hexr_shard_445._native.native_decide.ax_1_1,
 Kepler.Graphs.hexr_shard_45._native.native_decide.ax_1_1,
 Kepler.Graphs.hexr_shard_450._native.native_decide.ax_1_1,
 Kepler.Graphs.hexr_shard_455._native.native_decide.ax_1_1,
 Kepler.Graphs.hexr_shard_460._native.native_decide.ax_1_1,
 Kepler.Graphs.hexr_shard_4600._native.native_decide.ax_1_1,
 Kepler.Graphs.hexr_shard_4605._native.native_decide.ax_1_1,
 Kepler.Graphs.hexr_shard_4610._native.native_decide.ax_1_1,
 Kepler.Graphs.hexr_shard_4615._native.native_decide.ax_1_1,
 Kepler.Graphs.hexr_shard_4620._native.native_decide.ax_1_1,
 Kepler.Graphs.hexr_shard_4625._native.native_decide.ax_1_1,
 Kepler.Graphs.hexr_shard_4630._native.native_decide.ax_1_1,
 Kepler.Graphs.hexr_shard_4635._native.native_decide.ax_1_1,
 Kepler.Graphs.hexr_shard_4640._native.native_decide.ax_1_1,
 Kepler.Graphs.hexr_shard_4645._native.native_decide.ax_1_1,
 Kepler.Graphs.hexr_shard_465._native.native_decide.ax_1_1,
 Kepler.Graphs.hexr_shard_4650._native.native_decide.ax_1_1,
 Kepler.Graphs.hexr_shard_4655._native.native_decide.ax_1_1,
 Kepler.Graphs.hexr_shard_4660._native.native_decide.ax_1_1,
 Kepler.Graphs.hexr_shard_4665._native.native_decide.ax_1_1,
 Kepler.Graphs.hexr_shard_4670._native.native_decide.ax_1_1,
 Kepler.Graphs.hexr_shard_4675._native.native_decide.ax_1_1,
 Kepler.Graphs.hexr_shard_4680._native.native_decide.ax_1_1,
 Kepler.Graphs.hexr_shard_4685._native.native_decide.ax_1_1,
 Kepler.Graphs.hexr_shard_4690._native.native_decide.ax_1_1,
 Kepler.Graphs.hexr_shard_4695._native.native_decide.ax_1_1,
 Kepler.Graphs.hexr_shard_470._native.native_decide.ax_1_1,
 Kepler.Graphs.hexr_shard_475._native.native_decide.ax_1_1,
 Kepler.Graphs.hexr_shard_480._native.native_decide.ax_1_1,
 Kepler.Graphs.hexr_shard_485._native.native_decide.ax_1_1,
 Kepler.Graphs.hexr_shard_490._native.native_decide.ax_1_1,
 Kepler.Graphs.hexr_shard_495._native.native_decide.ax_1_1,
 Kepler.Graphs.hexr_shard_5._native.native_decide.ax_1_1,
 Kepler.Graphs.hexr_shard_50._native.native_decide.ax_1_1,
 Kepler.Graphs.hexr_shard_500._native.native_decide.ax_1_1,
 Kepler.Graphs.hexr_shard_505._native.native_decide.ax_1_1,
 Kepler.Graphs.hexr_shard_510._native.native_decide.ax_1_1,
 Kepler.Graphs.hexr_shard_515._native.native_decide.ax_1_1,
 Kepler.Graphs.hexr_shard_520._native.native_decide.ax_1_1,
 Kepler.Graphs.hexr_shard_525._native.native_decide.ax_1_1,
 Kepler.Graphs.hexr_shard_530._native.native_decide.ax_1_1,
 Kepler.Graphs.hexr_shard_535._native.native_decide.ax_1_1,
 Kepler.Graphs.hexr_shard_540._native.native_decide.ax_1_1,
 Kepler.Graphs.hexr_shard_545._native.native_decide.ax_1_1,
 Kepler.Graphs.hexr_shard_55._native.native_decide.ax_1_1,
 Kepler.Graphs.hexr_shard_550._native.native_decide.ax_1_1,
 Kepler.Graphs.hexr_shard_555._native.native_decide.ax_1_1,
 Kepler.Graphs.hexr_shard_560._native.native_decide.ax_1_1,
 Kepler.Graphs.hexr_shard_565._native.native_decide.ax_1_1,
 Kepler.Graphs.hexr_shard_570._native.native_decide.ax_1_1,
 Kepler.Graphs.hexr_shard_575._native.native_decide.ax_1_1,
 Kepler.Graphs.hexr_shard_580._native.native_decide.ax_1_1,
 Kepler.Graphs.hexr_shard_585._native.native_decide.ax_1_1,
 Kepler.Graphs.hexr_shard_590._native.native_decide.ax_1_1,
 Kepler.Graphs.hexr_shard_595._native.native_decide.ax_1_1,
 Kepler.Graphs.hexr_shard_60._native.native_decide.ax_1_1,
 Kepler.Graphs.hexr_shard_65._native.native_decide.ax_1_1,
 Kepler.Graphs.hexr_shard_70._native.native_decide.ax_1_1,
 Kepler.Graphs.hexr_shard_700._native.native_decide.ax_1_1,
 Kepler.Graphs.hexr_shard_705._native.native_decide.ax_1_1,
 Kepler.Graphs.hexr_shard_710._native.native_decide.ax_1_1,
 Kepler.Graphs.hexr_shard_715._native.native_decide.ax_1_1,
 Kepler.Graphs.hexr_shard_720._native.native_decide.ax_1_1,
 Kepler.Graphs.hexr_shard_725._native.native_decide.ax_1_1,
 Kepler.Graphs.hexr_shard_730._native.native_decide.ax_1_1,
 Kepler.Graphs.hexr_shard_735._native.native_decide.ax_1_1,
 Kepler.Graphs.hexr_shard_740._native.native_decide.ax_1_1,
 Kepler.Graphs.hexr_shard_745._native.native_decide.ax_1_1,
 Kepler.Graphs.hexr_shard_75._native.native_decide.ax_1_1,
 Kepler.Graphs.hexr_shard_750._native.native_decide.ax_1_1,
 Kepler.Graphs.hexr_shard_755._native.native_decide.ax_1_1,
 Kepler.Graphs.hexr_shard_760._native.native_decide.ax_1_1,
 Kepler.Graphs.hexr_shard_765._native.native_decide.ax_1_1,
 Kepler.Graphs.hexr_shard_770._native.native_decide.ax_1_1,
 Kepler.Graphs.hexr_shard_775._native.native_decide.ax_1_1,
 Kepler.Graphs.hexr_shard_780._native.native_decide.ax_1_1,
 Kepler.Graphs.hexr_shard_785._native.native_decide.ax_1_1,
 Kepler.Graphs.hexr_shard_790._native.native_decide.ax_1_1,
 Kepler.Graphs.hexr_shard_795._native.native_decide.ax_1_1,
 Kepler.Graphs.hexr_shard_80._native.native_decide.ax_1_1,
 Kepler.Graphs.hexr_shard_85._native.native_decide.ax_1_1,
 Kepler.Graphs.hexr_shard_90._native.native_decide.ax_1_1,
 Kepler.Graphs.hexr_shard_95._native.native_decide.ax_1_1,
 Kepler.Graphs.pent_archive_pre._native.native_decide.ax_1_1,
 Kepler.Graphs.pent_shard_1000._native.native_decide.ax_1_1,
 Kepler.Graphs.pent_shard_1050._native.native_decide.ax_1_1,
 Kepler.Graphs.pent_shard_1100._native.native_decide.ax_1_1,
 Kepler.Graphs.pent_shard_1150._native.native_decide.ax_1_1,
 Kepler.Graphs.pent_shard_1200._native.native_decide.ax_1_1,
 Kepler.Graphs.pent_shard_1250._native.native_decide.ax_1_1,
 Kepler.Graphs.pent_shard_1300._native.native_decide.ax_1_1,
 Kepler.Graphs.pent_shard_1350._native.native_decide.ax_1_1,
 Kepler.Graphs.pent_shard_1400._native.native_decide.ax_1_1,
 Kepler.Graphs.pent_shard_1450._native.native_decide.ax_1_1,
 Kepler.Graphs.pent_shard_150._native.native_decide.ax_1_1,
 Kepler.Graphs.pent_shard_1500._native.native_decide.ax_1_1,
 Kepler.Graphs.pent_shard_1550._native.native_decide.ax_1_1,
 Kepler.Graphs.pent_shard_1600._native.native_decide.ax_1_1,
 Kepler.Graphs.pent_shard_1650._native.native_decide.ax_1_1,
 Kepler.Graphs.pent_shard_1700._native.native_decide.ax_1_1,
 Kepler.Graphs.pent_shard_1750._native.native_decide.ax_1_1,
 Kepler.Graphs.pent_shard_1800._native.native_decide.ax_1_1,
 Kepler.Graphs.pent_shard_1900._native.native_decide.ax_1_1,
 Kepler.Graphs.pent_shard_1950._native.native_decide.ax_1_1,
 Kepler.Graphs.pent_shard_200._native.native_decide.ax_1_1,
 Kepler.Graphs.pent_shard_2000._native.native_decide.ax_1_1,
 Kepler.Graphs.pent_shard_2050._native.native_decide.ax_1_1,
 Kepler.Graphs.pent_shard_2100._native.native_decide.ax_1_1,
 Kepler.Graphs.pent_shard_2150._native.native_decide.ax_1_1,
 Kepler.Graphs.pent_shard_2200._native.native_decide.ax_1_1,
 Kepler.Graphs.pent_shard_2250._native.native_decide.ax_1_1,
 Kepler.Graphs.pent_shard_2300._native.native_decide.ax_1_1,
 Kepler.Graphs.pent_shard_2350._native.native_decide.ax_1_1,
 Kepler.Graphs.pent_shard_2400._native.native_decide.ax_1_1,
 Kepler.Graphs.pent_shard_2450._native.native_decide.ax_1_1,
 Kepler.Graphs.pent_shard_250._native.native_decide.ax_1_1,
 Kepler.Graphs.pent_shard_2500._native.native_decide.ax_1_1,
 Kepler.Graphs.pent_shard_2550._native.native_decide.ax_1_1,
 Kepler.Graphs.pent_shard_2600._native.native_decide.ax_1_1,
 Kepler.Graphs.pent_shard_2650._native.native_decide.ax_1_1,
 Kepler.Graphs.pent_shard_2700._native.native_decide.ax_1_1,
 Kepler.Graphs.pent_shard_2750._native.native_decide.ax_1_1,
 Kepler.Graphs.pent_shard_2800._native.native_decide.ax_1_1,
 Kepler.Graphs.pent_shard_2850._native.native_decide.ax_1_1,
 Kepler.Graphs.pent_shard_2900._native.native_decide.ax_1_1,
 Kepler.Graphs.pent_shard_2950._native.native_decide.ax_1_1,
 Kepler.Graphs.pent_shard_300._native.native_decide.ax_1_1,
 Kepler.Graphs.pent_shard_3000._native.native_decide.ax_1_1,
 Kepler.Graphs.pent_shard_3050._native.native_decide.ax_1_1,
 Kepler.Graphs.pent_shard_3100._native.native_decide.ax_1_1,
 Kepler.Graphs.pent_shard_3150._native.native_decide.ax_1_1,
 Kepler.Graphs.pent_shard_3200._native.native_decide.ax_1_1,
 Kepler.Graphs.pent_shard_3250._native.native_decide.ax_1_1,
 Kepler.Graphs.pent_shard_3300._native.native_decide.ax_1_1,
 Kepler.Graphs.pent_shard_3350._native.native_decide.ax_1_1,
 Kepler.Graphs.pent_shard_3400._native.native_decide.ax_1_1,
 Kepler.Graphs.pent_shard_3450._native.native_decide.ax_1_1,
 Kepler.Graphs.pent_shard_350._native.native_decide.ax_1_1,
 Kepler.Graphs.pent_shard_3500._native.native_decide.ax_1_1,
 Kepler.Graphs.pent_shard_3550._native.native_decide.ax_1_1,
 Kepler.Graphs.pent_shard_3600._native.native_decide.ax_1_1,
 Kepler.Graphs.pent_shard_3650._native.native_decide.ax_1_1,
 Kepler.Graphs.pent_shard_3700._native.native_decide.ax_1_1,
 Kepler.Graphs.pent_shard_3750._native.native_decide.ax_1_1,
 Kepler.Graphs.pent_shard_3800._native.native_decide.ax_1_1,
 Kepler.Graphs.pent_shard_3850._native.native_decide.ax_1_1,
 Kepler.Graphs.pent_shard_3900._native.native_decide.ax_1_1,
 Kepler.Graphs.pent_shard_3950._native.native_decide.ax_1_1,
 Kepler.Graphs.pent_shard_400._native.native_decide.ax_1_1,
 Kepler.Graphs.pent_shard_4000._native.native_decide.ax_1_1,
 Kepler.Graphs.pent_shard_4050._native.native_decide.ax_1_1,
 Kepler.Graphs.pent_shard_4100._native.native_decide.ax_1_1,
 Kepler.Graphs.pent_shard_4150._native.native_decide.ax_1_1,
 Kepler.Graphs.pent_shard_4200._native.native_decide.ax_1_1,
 Kepler.Graphs.pent_shard_4250._native.native_decide.ax_1_1,
 Kepler.Graphs.pent_shard_4300._native.native_decide.ax_1_1,
 Kepler.Graphs.pent_shard_4350._native.native_decide.ax_1_1,
 Kepler.Graphs.pent_shard_4400._native.native_decide.ax_1_1,
 Kepler.Graphs.pent_shard_4450._native.native_decide.ax_1_1,
 Kepler.Graphs.pent_shard_450._native.native_decide.ax_1_1,
 Kepler.Graphs.pent_shard_4500._native.native_decide.ax_1_1,
 Kepler.Graphs.pent_shard_4550._native.native_decide.ax_1_1,
 Kepler.Graphs.pent_shard_4600._native.native_decide.ax_1_1,
 Kepler.Graphs.pent_shard_4650._native.native_decide.ax_1_1,
 Kepler.Graphs.pent_shard_4700._native.native_decide.ax_1_1,
 Kepler.Graphs.pent_shard_4750._native.native_decide.ax_1_1,
 Kepler.Graphs.pent_shard_4800._native.native_decide.ax_1_1,
 Kepler.Graphs.pent_shard_4850._native.native_decide.ax_1_1,
 Kepler.Graphs.pent_shard_4900._native.native_decide.ax_1_1,
 Kepler.Graphs.pent_shard_4950._native.native_decide.ax_1_1,
 Kepler.Graphs.pent_shard_500._native.native_decide.ax_1_1,
 Kepler.Graphs.pent_shard_5000._native.native_decide.ax_1_1,
 Kepler.Graphs.pent_shard_5050._native.native_decide.ax_1_1,
 Kepler.Graphs.pent_shard_5100._native.native_decide.ax_1_1,
 Kepler.Graphs.pent_shard_5150._native.native_decide.ax_1_1,
 Kepler.Graphs.pent_shard_5200._native.native_decide.ax_1_1,
 Kepler.Graphs.pent_shard_5250._native.native_decide.ax_1_1,
 Kepler.Graphs.pent_shard_5300._native.native_decide.ax_1_1,
 Kepler.Graphs.pent_shard_5350._native.native_decide.ax_1_1,
 Kepler.Graphs.pent_shard_5400._native.native_decide.ax_1_1,
 Kepler.Graphs.pent_shard_5450._native.native_decide.ax_1_1,
 Kepler.Graphs.pent_shard_550._native.native_decide.ax_1_1,
 Kepler.Graphs.pent_shard_5500._native.native_decide.ax_1_1,
 Kepler.Graphs.pent_shard_5550._native.native_decide.ax_1_1,
 Kepler.Graphs.pent_shard_5600._native.native_decide.ax_1_1,
 Kepler.Graphs.pent_shard_5650._native.native_decide.ax_1_1,
 Kepler.Graphs.pent_shard_5700._native.native_decide.ax_1_1,
 Kepler.Graphs.pent_shard_5750._native.native_decide.ax_1_1,
 Kepler.Graphs.pent_shard_5800._native.native_decide.ax_1_1,
 Kepler.Graphs.pent_shard_5850._native.native_decide.ax_1_1,
 Kepler.Graphs.pent_shard_5900._native.native_decide.ax_1_1,
 Kepler.Graphs.pent_shard_5950._native.native_decide.ax_1_1,
 Kepler.Graphs.pent_shard_600._native.native_decide.ax_1_1,
 Kepler.Graphs.pent_shard_6000._native.native_decide.ax_1_1,
 Kepler.Graphs.pent_shard_6050._native.native_decide.ax_1_1,
 Kepler.Graphs.pent_shard_6100._native.native_decide.ax_1_1,
 Kepler.Graphs.pent_shard_6150._native.native_decide.ax_1_1,
 Kepler.Graphs.pent_shard_6200._native.native_decide.ax_1_1,
 Kepler.Graphs.pent_shard_6250._native.native_decide.ax_1_1,
 Kepler.Graphs.pent_shard_6300._native.native_decide.ax_1_1,
 Kepler.Graphs.pent_shard_6350._native.native_decide.ax_1_1,
 Kepler.Graphs.pent_shard_6400._native.native_decide.ax_1_1,
 Kepler.Graphs.pent_shard_6450._native.native_decide.ax_1_1,
 Kepler.Graphs.pent_shard_650._native.native_decide.ax_1_1,
 Kepler.Graphs.pent_shard_6500._native.native_decide.ax_1_1,
 Kepler.Graphs.pent_shard_6550._native.native_decide.ax_1_1,
 Kepler.Graphs.pent_shard_6600._native.native_decide.ax_1_1,
 Kepler.Graphs.pent_shard_6650._native.native_decide.ax_1_1,
 Kepler.Graphs.pent_shard_6700._native.native_decide.ax_1_1,
 Kepler.Graphs.pent_shard_6750._native.native_decide.ax_1_1,
 Kepler.Graphs.pent_shard_6800._native.native_decide.ax_1_1,
 Kepler.Graphs.pent_shard_6850._native.native_decide.ax_1_1,
 Kepler.Graphs.pent_shard_6900._native.native_decide.ax_1_1,
 Kepler.Graphs.pent_shard_6950._native.native_decide.ax_1_1,
 Kepler.Graphs.pent_shard_700._native.native_decide.ax_1_1,
 Kepler.Graphs.pent_shard_7000._native.native_decide.ax_1_1,
 Kepler.Graphs.pent_shard_7050._native.native_decide.ax_1_1,
 Kepler.Graphs.pent_shard_7100._native.native_decide.ax_1_1,
 Kepler.Graphs.pent_shard_7150._native.native_decide.ax_1_1,
 Kepler.Graphs.pent_shard_7200._native.native_decide.ax_1_1,
 Kepler.Graphs.pent_shard_7250._native.native_decide.ax_1_1,
 Kepler.Graphs.pent_shard_750._native.native_decide.ax_1_1,
 Kepler.Graphs.pent_shard_800._native.native_decide.ax_1_1,
 Kepler.Graphs.pent_shard_850._native.native_decide.ax_1_1,
 Kepler.Graphs.pent_shard_900._native.native_decide.ax_1_1,
 Kepler.Graphs.pent_shard_950._native.native_decide.ax_1_1,
 Kepler.Graphs.pent_top_bounds._native.native_decide.ax_1_1,
 Kepler.Graphs.pent_top_no_finals._native.native_decide.ax_1_1,
 Kepler.Graphs.pent_top_replay._native.native_decide.ax_1_1,
 Kepler.Graphs.pentr2_shard_120._native.native_decide.ax_1_1,
 Kepler.Graphs.pentr2_shard_121._native.native_decide.ax_1_1,
 Kepler.Graphs.pentr2_shard_122._native.native_decide.ax_1_1,
 Kepler.Graphs.pentr2_shard_123._native.native_decide.ax_1_1,
 Kepler.Graphs.pentr2_shard_124._native.native_decide.ax_1_1,
 Kepler.Graphs.pentr2_shard_125._native.native_decide.ax_1_1,
 Kepler.Graphs.pentr2_shard_126._native.native_decide.ax_1_1,
 Kepler.Graphs.pentr2_shard_127._native.native_decide.ax_1_1,
 Kepler.Graphs.pentr2_shard_128._native.native_decide.ax_1_1,
 Kepler.Graphs.pentr2_shard_129._native.native_decide.ax_1_1,
 Kepler.Graphs.pentr2_shard_1850._native.native_decide.ax_1_1,
 Kepler.Graphs.pentr2_shard_1851._native.native_decide.ax_1_1,
 Kepler.Graphs.pentr2_shard_1852._native.native_decide.ax_1_1,
 Kepler.Graphs.pentr2_shard_1853._native.native_decide.ax_1_1,
 Kepler.Graphs.pentr2_shard_1854._native.native_decide.ax_1_1,
 Kepler.Graphs.pentr2_shard_1855._native.native_decide.ax_1_1,
 Kepler.Graphs.pentr2_shard_1856._native.native_decide.ax_1_1,
 Kepler.Graphs.pentr2_shard_1857._native.native_decide.ax_1_1,
 Kepler.Graphs.pentr2_shard_1858._native.native_decide.ax_1_1,
 Kepler.Graphs.pentr2_shard_1859._native.native_decide.ax_1_1,
 Kepler.Graphs.pentr2_shard_70._native.native_decide.ax_1_1,
 Kepler.Graphs.pentr2_shard_71._native.native_decide.ax_1_1,
 Kepler.Graphs.pentr2_shard_72._native.native_decide.ax_1_1,
 Kepler.Graphs.pentr2_shard_73._native.native_decide.ax_1_1,
 Kepler.Graphs.pentr2_shard_74._native.native_decide.ax_1_1,
 Kepler.Graphs.pentr2_shard_75._native.native_decide.ax_1_1,
 Kepler.Graphs.pentr2_shard_76._native.native_decide.ax_1_1,
 Kepler.Graphs.pentr2_shard_77._native.native_decide.ax_1_1,
 Kepler.Graphs.pentr2_shard_78._native.native_decide.ax_1_1,
 Kepler.Graphs.pentr2_shard_79._native.native_decide.ax_1_1,
 Kepler.Graphs.pentr3_shard_0._native.native_decide.ax_1_1,
 Kepler.Graphs.pentr3_shard_1._native.native_decide.ax_1_1,
 Kepler.Graphs.pentr3_shard_2._native.native_decide.ax_1_1,
 Kepler.Graphs.pentr3_shard_3._native.native_decide.ax_1_1,
 Kepler.Graphs.pentr3_shard_4._native.native_decide.ax_1_1,
 Kepler.Graphs.pentr3_shard_5._native.native_decide.ax_1_1,
 Kepler.Graphs.pentr3_shard_6._native.native_decide.ax_1_1,
 Kepler.Graphs.pentr3_shard_7._native.native_decide.ax_1_1,
 Kepler.Graphs.pentr3_shard_8._native.native_decide.ax_1_1,
 Kepler.Graphs.pentr3_shard_9._native.native_decide.ax_1_1,
 Kepler.Graphs.pentr_shard_10._native.native_decide.ax_1_1,
 Kepler.Graphs.pentr_shard_100._native.native_decide.ax_1_1,
 Kepler.Graphs.pentr_shard_110._native.native_decide.ax_1_1,
 Kepler.Graphs.pentr_shard_130._native.native_decide.ax_1_1,
 Kepler.Graphs.pentr_shard_140._native.native_decide.ax_1_1,
 Kepler.Graphs.pentr_shard_1860._native.native_decide.ax_1_1,
 Kepler.Graphs.pentr_shard_1870._native.native_decide.ax_1_1,
 Kepler.Graphs.pentr_shard_1880._native.native_decide.ax_1_1,
 Kepler.Graphs.pentr_shard_1890._native.native_decide.ax_1_1,
 Kepler.Graphs.pentr_shard_20._native.native_decide.ax_1_1,
 Kepler.Graphs.pentr_shard_30._native.native_decide.ax_1_1,
 Kepler.Graphs.pentr_shard_40._native.native_decide.ax_1_1,
 Kepler.Graphs.pentr_shard_50._native.native_decide.ax_1_1,
 Kepler.Graphs.pentr_shard_60._native.native_decide.ax_1_1,
 Kepler.Graphs.pentr_shard_80._native.native_decide.ax_1_1,
 Kepler.Graphs.pentr_shard_90._native.native_decide.ax_1_1,
 Kepler.Graphs.quad_archive_pre._native.native_decide.ax_1_1,
 Kepler.Graphs.quad_shard_1000._native.native_decide.ax_1_1,
 Kepler.Graphs.quad_shard_1100._native.native_decide.ax_1_1,
 Kepler.Graphs.quad_shard_1200._native.native_decide.ax_1_1,
 Kepler.Graphs.quad_shard_1300._native.native_decide.ax_1_1,
 Kepler.Graphs.quad_shard_1400._native.native_decide.ax_1_1,
 Kepler.Graphs.quad_shard_1500._native.native_decide.ax_1_1,
 Kepler.Graphs.quad_shard_300._native.native_decide.ax_1_1,
 Kepler.Graphs.quad_shard_400._native.native_decide.ax_1_1,
 Kepler.Graphs.quad_shard_600._native.native_decide.ax_1_1,
 Kepler.Graphs.quad_shard_700._native.native_decide.ax_1_1,
 Kepler.Graphs.quad_shard_800._native.native_decide.ax_1_1,
 Kepler.Graphs.quad_shard_900._native.native_decide.ax_1_1,
 Kepler.Graphs.quad_top_bounds._native.native_decide.ax_1_1,
 Kepler.Graphs.quad_top_no_finals._native.native_decide.ax_1_1,
 Kepler.Graphs.quad_top_replay._native.native_decide.ax_1_1,
 Kepler.Graphs.quadr_shard_0._native.native_decide.ax_1_1,
 Kepler.Graphs.quadr_shard_10._native.native_decide.ax_1_1,
 Kepler.Graphs.quadr_shard_100._native.native_decide.ax_1_1,
 Kepler.Graphs.quadr_shard_105._native.native_decide.ax_1_1,
 Kepler.Graphs.quadr_shard_110._native.native_decide.ax_1_1,
 Kepler.Graphs.quadr_shard_115._native.native_decide.ax_1_1,
 Kepler.Graphs.quadr_shard_120._native.native_decide.ax_1_1,
 Kepler.Graphs.quadr_shard_125._native.native_decide.ax_1_1,
 Kepler.Graphs.quadr_shard_130._native.native_decide.ax_1_1,
 Kepler.Graphs.quadr_shard_135._native.native_decide.ax_1_1,
 Kepler.Graphs.quadr_shard_140._native.native_decide.ax_1_1,
 Kepler.Graphs.quadr_shard_145._native.native_decide.ax_1_1,
 Kepler.Graphs.quadr_shard_15._native.native_decide.ax_1_1,
 Kepler.Graphs.quadr_shard_150._native.native_decide.ax_1_1,
 Kepler.Graphs.quadr_shard_155._native.native_decide.ax_1_1,
 Kepler.Graphs.quadr_shard_160._native.native_decide.ax_1_1,
 Kepler.Graphs.quadr_shard_165._native.native_decide.ax_1_1,
 Kepler.Graphs.quadr_shard_170._native.native_decide.ax_1_1,
 Kepler.Graphs.quadr_shard_175._native.native_decide.ax_1_1,
 Kepler.Graphs.quadr_shard_180._native.native_decide.ax_1_1,
 Kepler.Graphs.quadr_shard_185._native.native_decide.ax_1_1,
 Kepler.Graphs.quadr_shard_190._native.native_decide.ax_1_1,
 Kepler.Graphs.quadr_shard_195._native.native_decide.ax_1_1,
 Kepler.Graphs.quadr_shard_20._native.native_decide.ax_1_1,
 Kepler.Graphs.quadr_shard_200._native.native_decide.ax_1_1,
 Kepler.Graphs.quadr_shard_205._native.native_decide.ax_1_1,
 Kepler.Graphs.quadr_shard_210._native.native_decide.ax_1_1,
 Kepler.Graphs.quadr_shard_215._native.native_decide.ax_1_1,
 Kepler.Graphs.quadr_shard_220._native.native_decide.ax_1_1,
 Kepler.Graphs.quadr_shard_225._native.native_decide.ax_1_1,
 Kepler.Graphs.quadr_shard_230._native.native_decide.ax_1_1,
 Kepler.Graphs.quadr_shard_235._native.native_decide.ax_1_1,
 Kepler.Graphs.quadr_shard_240._native.native_decide.ax_1_1,
 Kepler.Graphs.quadr_shard_245._native.native_decide.ax_1_1,
 Kepler.Graphs.quadr_shard_25._native.native_decide.ax_1_1,
 Kepler.Graphs.quadr_shard_250._native.native_decide.ax_1_1,
 Kepler.Graphs.quadr_shard_255._native.native_decide.ax_1_1,
 Kepler.Graphs.quadr_shard_260._native.native_decide.ax_1_1,
 Kepler.Graphs.quadr_shard_265._native.native_decide.ax_1_1,
 Kepler.Graphs.quadr_shard_270._native.native_decide.ax_1_1,
 Kepler.Graphs.quadr_shard_275._native.native_decide.ax_1_1,
 Kepler.Graphs.quadr_shard_280._native.native_decide.ax_1_1,
 Kepler.Graphs.quadr_shard_285._native.native_decide.ax_1_1,
 Kepler.Graphs.quadr_shard_290._native.native_decide.ax_1_1,
 Kepler.Graphs.quadr_shard_295._native.native_decide.ax_1_1,
 Kepler.Graphs.quadr_shard_30._native.native_decide.ax_1_1,
 Kepler.Graphs.quadr_shard_35._native.native_decide.ax_1_1,
 Kepler.Graphs.quadr_shard_40._native.native_decide.ax_1_1,
 Kepler.Graphs.quadr_shard_45._native.native_decide.ax_1_1,
 Kepler.Graphs.quadr_shard_5._native.native_decide.ax_1_1,
 Kepler.Graphs.quadr_shard_50._native.native_decide.ax_1_1,
 Kepler.Graphs.quadr_shard_500._native.native_decide.ax_1_1,
 Kepler.Graphs.quadr_shard_505._native.native_decide.ax_1_1,
 Kepler.Graphs.quadr_shard_510._native.native_decide.ax_1_1,
 Kepler.Graphs.quadr_shard_515._native.native_decide.ax_1_1,
 Kepler.Graphs.quadr_shard_520._native.native_decide.ax_1_1,
 Kepler.Graphs.quadr_shard_525._native.native_decide.ax_1_1,
 Kepler.Graphs.quadr_shard_530._native.native_decide.ax_1_1,
 Kepler.Graphs.quadr_shard_535._native.native_decide.ax_1_1,
 Kepler.Graphs.quadr_shard_540._native.native_decide.ax_1_1,
 Kepler.Graphs.quadr_shard_545._native.native_decide.ax_1_1,
 Kepler.Graphs.quadr_shard_55._native.native_decide.ax_1_1,
 Kepler.Graphs.quadr_shard_550._native.native_decide.ax_1_1,
 Kepler.Graphs.quadr_shard_555._native.native_decide.ax_1_1,
 Kepler.Graphs.quadr_shard_560._native.native_decide.ax_1_1,
 Kepler.Graphs.quadr_shard_565._native.native_decide.ax_1_1,
 Kepler.Graphs.quadr_shard_570._native.native_decide.ax_1_1,
 Kepler.Graphs.quadr_shard_575._native.native_decide.ax_1_1,
 Kepler.Graphs.quadr_shard_580._native.native_decide.ax_1_1,
 Kepler.Graphs.quadr_shard_585._native.native_decide.ax_1_1,
 Kepler.Graphs.quadr_shard_590._native.native_decide.ax_1_1,
 Kepler.Graphs.quadr_shard_595._native.native_decide.ax_1_1,
 Kepler.Graphs.quadr_shard_60._native.native_decide.ax_1_1,
 Kepler.Graphs.quadr_shard_65._native.native_decide.ax_1_1,
 Kepler.Graphs.quadr_shard_70._native.native_decide.ax_1_1,
 Kepler.Graphs.quadr_shard_75._native.native_decide.ax_1_1,
 Kepler.Graphs.quadr_shard_80._native.native_decide.ax_1_1,
 Kepler.Graphs.quadr_shard_85._native.native_decide.ax_1_1,
 Kepler.Graphs.quadr_shard_90._native.native_decide.ax_1_1,
 Kepler.Graphs.quadr_shard_95._native.native_decide.ax_1_1,
 Kepler.Graphs.tri_archive_pre._native.native_decide.ax_1_1,
 Kepler.Graphs.tri_shard_0._native.native_decide.ax_1_1,
 Kepler.Graphs.tri_shard_1._native.native_decide.ax_1_1,
 Kepler.Graphs.tri_shard_2._native.native_decide.ax_1_1,
 Kepler.Graphs.tri_shard_3._native.native_decide.ax_1_1,
 Kepler.Graphs.tri_shard_4._native.native_decide.ax_1_1,
 Kepler.Graphs.tri_top_bounds._native.native_decide.ax_1_1,
 Kepler.Graphs.tri_top_no_finals._native.native_decide.ax_1_1,
 Kepler.Graphs.tri_top_replay._native.native_decide.ax_1_1]
